     VMA      LMA     Size Align Out     In      Symbol
       0        0        0     1 PROVIDE ( NonMaskableInt = DefaultHandler )
       0        0        0     1 PROVIDE ( SVCall = DefaultHandler )
       0        0        0     1 PROVIDE ( PendSV = DefaultHandler )
       0        0        0     1 PROVIDE ( SysTick = DefaultHandler )
       0        0        0     1 PROVIDE ( DefaultHandler = DefaultHandler_ )
       0        0        0     1 PROVIDE ( HardFault = HardFault_ )
       0        0        0     1 PROVIDE ( __pre_init = DefaultPreInit )
       0        0        0     1 PROVIDE ( _stack_start = ORIGIN ( RAM ) + LENGTH ( RAM ) )
10000100 10000100       a8     4 .vector_table
10000100 10000100        0     1         __vector_table = .
10000100 10000100        4     1         LONG ( _stack_start & 0xFFFFFFF8 )
10000104 10000104        4     4         /Users/mike/Documents/bushtelegram/moko-mkl62ba-at-commands/examples/pico-uart/target/thumbv6m-none-eabi/debug/deps/libcortex_m_rt-46f5946d1badfcf2.rlib(cortex_m_rt-46f5946d1badfcf2.cortex_m_rt.bc87221b-cgu.0.rcgu.o):(.vector_table.reset_vector)
10000104 10000104        4     1                 __RESET_VECTOR
10000108 10000108        0     1         __reset_vector = .
10000108 10000108       38     4         /Users/mike/Documents/bushtelegram/moko-mkl62ba-at-commands/examples/pico-uart/target/thumbv6m-none-eabi/debug/deps/libcortex_m_rt-46f5946d1badfcf2.rlib(cortex_m_rt-46f5946d1badfcf2.cortex_m_rt.bc87221b-cgu.0.rcgu.o):(.vector_table.exceptions)
10000108 10000108       38     1                 __EXCEPTIONS
10000140 10000140        0     1         __eexceptions = .
10000140 10000140       68     4         /Users/mike/Documents/bushtelegram/moko-mkl62ba-at-commands/examples/pico-uart/target/thumbv6m-none-eabi/debug/deps/librp2040_pac2-125491aafc81eccf.rlib(rp2040_pac2-125491aafc81eccf.rp2040_pac2.97e60174-cgu.1.rcgu.o):(.vector_table.interrupts)
10000140 10000140       68     1                 __INTERRUPTS
100001a8 100001a8        0     1 PROVIDE ( _stext = ADDR ( .vector_table ) + SIZEOF ( .vector_table ) )
100001a8 100001a8     58e8     4 .text
100001a8 100001a8        0     1         __stext = .
100001a8 100001a8       3c     4         /Users/mike/Documents/bushtelegram/moko-mkl62ba-at-commands/examples/pico-uart/target/thumbv6m-none-eabi/debug/deps/libcortex_m_rt-46f5946d1badfcf2.rlib(cortex_m_rt-46f5946d1badfcf2.cortex_m_rt.bc87221b-cgu.0.rcgu.o):(.Reset)
100001a8 100001a8        0     1                 $t.1
100001a9 100001a9       28     1                 Reset
100001d0 100001d0        0     1                 $d.10
100001e4 100001e4       7c     4         /Users/mike/Documents/bushtelegram/moko-mkl62ba-at-commands/examples/pico-uart/target/thumbv6m-none-eabi/debug/deps/moko_mkl62ba_pico_uart-26b5a028936bfc51.1czsxkr2qmszqt7s.rcgu.o:(.text._ZN87_$LT$core..future..poll_fn..PollFn$LT$F$GT$$u20$as$u20$core..future..future..Future$GT$4poll17h18d498cf1ed68494E)
100001e4 100001e4        0     1                 $t.2
100001e5 100001e5       7c     1                 _$LT$core..future..poll_fn..PollFn$LT$F$GT$$u20$as$u20$core..future..future..Future$GT$::poll::h18d498cf1ed68494
10000258 10000258        0     1                 $d.3
10000260 10000260       20     2         /Users/mike/Documents/bushtelegram/moko-mkl62ba-at-commands/examples/pico-uart/target/thumbv6m-none-eabi/debug/deps/moko_mkl62ba_pico_uart-26b5a028936bfc51.1pd6ocdg3ghrxm75.rcgu.o:(.text._ZN5defmt6export3fmt17hd03c86b951b0de63E)
10000260 10000260        0     1                 $t.3
10000261 10000261       20     1                 defmt::export::fmt::hd03c86b951b0de63
10000280 10000280      190     4         /Users/mike/Documents/bushtelegram/moko-mkl62ba-at-commands/examples/pico-uart/target/thumbv6m-none-eabi/debug/deps/moko_mkl62ba_pico_uart-26b5a028936bfc51.2f8rz8rf08kbnfn5.rcgu.o:(.text._ZN10embassy_rp4uart8buffered12on_interrupt17h5d7615719a52364fE.llvm.1652980713273058383)
10000280 10000280        0     1                 $t.0
10000281 10000281      190     1                 embassy_rp::uart::buffered::on_interrupt::h5d7615719a52364f (.llvm.1652980713273058383)
100003f4 100003f4        0     1                 $d.1
10000410 10000410       e4     4         /Users/mike/Documents/bushtelegram/moko-mkl62ba-at-commands/examples/pico-uart/target/thumbv6m-none-eabi/debug/deps/moko_mkl62ba_pico_uart-26b5a028936bfc51.2f8rz8rf08kbnfn5.rcgu.o:(.text._ZN10embassy_rp4uart8buffered21BufferedUart$LT$T$GT$3new17hed957427e0b5b30bE)
10000410 10000410        0     1                 $t.2
10000411 10000411       e4     1                 embassy_rp::uart::buffered::BufferedUart$LT$T$GT$::new::hed957427e0b5b30b
100004dc 100004dc        0     1                 $d.3
100004f4 100004f4       90     4         /Users/mike/Documents/bushtelegram/moko-mkl62ba-at-commands/examples/pico-uart/target/thumbv6m-none-eabi/debug/deps/moko_mkl62ba_pico_uart-26b5a028936bfc51.2tadxzrnipsgciri.rcgu.o:(.text._ZN8heapless3vec16Vec$LT$T$C$_$GT$17extend_from_slice17h26b33bf2b3d649b5E)
100004f4 100004f4        0     1                 $t.2
100004f5 100004f5       90     1                 heapless::vec::Vec$LT$T$C$_$GT$::extend_from_slice::h26b33bf2b3d649b5
10000570 10000570        0     1                 $d.3
10000584 10000584      3f4     4         /Users/mike/Documents/bushtelegram/moko-mkl62ba-at-commands/examples/pico-uart/target/thumbv6m-none-eabi/debug/deps/moko_mkl62ba_pico_uart-26b5a028936bfc51.3hea51ozcw6g3prp.rcgu.o:(.text._ZN16embassy_executor3raw20TaskStorage$LT$F$GT$4poll17h58447e222b2d1a87E.llvm.4229239036349660297)
10000584 10000584        0     1                 $t.0
10000585 10000585      3f4     1                 embassy_executor::raw::TaskStorage$LT$F$GT$::poll::h58447e222b2d1a87 (.llvm.4229239036349660297)
10000934 10000934        0     1                 $d.1
10000978 10000978      838     4         /Users/mike/Documents/bushtelegram/moko-mkl62ba-at-commands/examples/pico-uart/target/thumbv6m-none-eabi/debug/deps/moko_mkl62ba_pico_uart-26b5a028936bfc51.3hea51ozcw6g3prp.rcgu.o:(.text._ZN16embassy_executor3raw20TaskStorage$LT$F$GT$4poll17h681da3969c83b536E.llvm.4229239036349660297)
10000978 10000978        0     1                 $t.2
10000979 10000979      838     1                 embassy_executor::raw::TaskStorage$LT$F$GT$::poll::h681da3969c83b536 (.llvm.4229239036349660297)
10000af4 10000af4        0     1                 $d.3
10000b18 10000b18        0     1                 $t.4
10000b28 10000b28        0     1                 $d.5
10000b2c 10000b2c        0     1                 $t.6
10000f50 10000f50        0     1                 $d.7
10000f60 10000f60        0     1                 $t.8
10000f80 10000f80        0     1                 $d.9
10000f9c 10000f9c        0     1                 $t.10
10001138 10001138        0     1                 $d.11
100011b0 100011b0       14     4         /Users/mike/Documents/bushtelegram/moko-mkl62ba-at-commands/examples/pico-uart/target/thumbv6m-none-eabi/debug/deps/moko_mkl62ba_pico_uart-26b5a028936bfc51.3hea51ozcw6g3prp.rcgu.o:(.text._ZN45_$LT$$LP$$RP$$u20$as$u20$core..fmt..Debug$GT$3fmt17hc2fa2220df04a9aeE)
100011b0 100011b0        0     1                 $t.16
100011b1 100011b1       14     1                 _$LT$$LP$$RP$$u20$as$u20$core..fmt..Debug$GT$::fmt::hc2fa2220df04a9ae
100011c0 100011c0        0     1                 $d.17
100011c4 100011c4        2     2         /Users/mike/Documents/bushtelegram/moko-mkl62ba-at-commands/examples/pico-uart/target/thumbv6m-none-eabi/debug/deps/moko_mkl62ba_pico_uart-26b5a028936bfc51.3hea51ozcw6g3prp.rcgu.o:(.text._ZN4core3ptr29drop_in_place$LT$$LP$$RP$$GT$17he11b6c0761e92729E)
100011c4 100011c4        0     1                 $t.18
100011c5 100011c5        2     1                 core::ptr::drop_in_place$LT$$LP$$RP$$GT$::he11b6c0761e92729
100011c6 100011c6        2     2         /Users/mike/Documents/bushtelegram/moko-mkl62ba-at-commands/examples/pico-uart/target/thumbv6m-none-eabi/debug/deps/moko_mkl62ba_pico_uart-26b5a028936bfc51.3hea51ozcw6g3prp.rcgu.o:(.text._ZN4core3ptr35drop_in_place$LT$bbqueue..Error$GT$17h467c3589852fb496E)
100011c6 100011c6        0     1                 $t.19
100011c7 100011c7        2     1                 core::ptr::drop_in_place$LT$bbqueue..Error$GT$::h467c3589852fb496
100011c8 100011c8        2     2         /Users/mike/Documents/bushtelegram/moko-mkl62ba-at-commands/examples/pico-uart/target/thumbv6m-none-eabi/debug/deps/moko_mkl62ba_pico_uart-26b5a028936bfc51.3hea51ozcw6g3prp.rcgu.o:(.text._ZN4core3ptr44drop_in_place$LT$embassy_rp..uart..Error$GT$17hff8b6855cca5e6ffE)
100011c8 100011c8        0     1                 $t.20
100011c9 100011c9        2     1                 core::ptr::drop_in_place$LT$embassy_rp..uart..Error$GT$::hff8b6855cca5e6ff
100011cc 100011cc       5c     4         /Users/mike/Documents/bushtelegram/moko-mkl62ba-at-commands/examples/pico-uart/target/thumbv6m-none-eabi/debug/deps/moko_mkl62ba_pico_uart-26b5a028936bfc51.42qy55olj6tviyy5.rcgu.o:(.text._ZN4core3ptr101drop_in_place$LT$embassy_rp..uart..buffered..BufferedUartRx$LT$embassy_rp..peripherals..UART1$GT$$GT$17h5bcae37e8cf9ddcaE)
100011cc 100011cc        0     1                 $t.0
100011cd 100011cd       5c     1                 core::ptr::drop_in_place$LT$embassy_rp..uart..buffered..BufferedUartRx$LT$embassy_rp..peripherals..UART1$GT$$GT$::h5bcae37e8cf9ddca
10001220 10001220        0     1                 $d.1
10001228 10001228       5c     4         /Users/mike/Documents/bushtelegram/moko-mkl62ba-at-commands/examples/pico-uart/target/thumbv6m-none-eabi/debug/deps/moko_mkl62ba_pico_uart-26b5a028936bfc51.42qy55olj6tviyy5.rcgu.o:(.text._ZN4core3ptr318drop_in_place$LT$moko_mkl62ba_at_commands..client..MokoMkl62BaClient$LT$atat..client..Client$LT$embassy_rp..uart..buffered..BufferedUartTx$LT$embassy_rp..peripherals..UART1$GT$$C$moko_mkl62ba_pico_uart..timer..SysTimer$C$1000_u32$C$288_usize$C$864_usize$GT$$C$moko_mkl62ba_pico_uart..timer..SysTimer$C$1000_u32$GT$$GT$17h041cfd88abd55988E)
10001228 10001228        0     1                 $t.3
10001229 10001229       5c     1                 core::ptr::drop_in_place$LT$moko_mkl62ba_at_commands..client..MokoMkl62BaClient$LT$atat..client..Client$LT$embassy_rp..uart..buffered..BufferedUartTx$LT$embassy_rp..peripherals..UART1$GT$$C$moko_mkl62ba_pico_uart..timer..SysTimer$C$1000_u32$C$288_usize$C$864_usize$GT$$C$moko_mkl62ba_pico_uart..timer..SysTimer$C$1000_u32$GT$$GT$::h041cfd88abd55988
1000127c 1000127c        0     1                 $d.4
10001284 10001284      284     4         /Users/mike/Documents/bushtelegram/moko-mkl62ba-at-commands/examples/pico-uart/target/thumbv6m-none-eabi/debug/deps/moko_mkl62ba_pico_uart-26b5a028936bfc51.48vp8gvtem86uza2.rcgu.o:(.text._ZN10embassy_rp4uart17Uart$LT$T$C$M$GT$4init17he7adf238e512437cE)
10001284 10001284        0     1                 $t.0
10001285 10001285      284     1                 embassy_rp::uart::Uart$LT$T$C$M$GT$::init::he7adf238e512437c
100014cc 100014cc        0     1                 $d.1
10001508 10001508       84     4         /Users/mike/Documents/bushtelegram/moko-mkl62ba-at-commands/examples/pico-uart/target/thumbv6m-none-eabi/debug/deps/moko_mkl62ba_pico_uart-26b5a028936bfc51.53kk5mf8yq7c411k.rcgu.o:(.text._ZN16embassy_executor4arch8Executor3run17h411fc132709e6923E)
10001508 10001508        0     1                 $t.0
10001509 10001509       84     1                 embassy_executor::arch::Executor::run::h411fc132709e6923
10001580 10001580        0     1                 $d.1
1000158c 1000158c        8     2         /Users/mike/Documents/bushtelegram/moko-mkl62ba-at-commands/examples/pico-uart/target/thumbv6m-none-eabi/debug/deps/moko_mkl62ba_pico_uart-26b5a028936bfc51.uvn3bimckzkcr1x.rcgu.o:(.text._ZN4core3ops8function6FnOnce9call_once17h1acc8d411a2811f7E.llvm.7971329782401510250)
1000158c 1000158c        0     1                 $t.2
1000158d 1000158d        8     1                 core::ops::function::FnOnce::call_once::h1acc8d411a2811f7 (.llvm.7971329782401510250)
10001594 10001594        a     2         /Users/mike/Documents/bushtelegram/moko-mkl62ba-at-commands/examples/pico-uart/target/thumbv6m-none-eabi/debug/deps/moko_mkl62ba_pico_uart-26b5a028936bfc51.uvn3bimckzkcr1x.rcgu.o:(.text._ZN4core3ops8function6FnOnce9call_once17h650184575515c880E.llvm.7971329782401510250)
10001594 10001594        0     1                 $t.3
10001595 10001595        a     1                 core::ops::function::FnOnce::call_once::h650184575515c880 (.llvm.7971329782401510250)
1000159e 1000159e        a     2         /Users/mike/Documents/bushtelegram/moko-mkl62ba-at-commands/examples/pico-uart/target/thumbv6m-none-eabi/debug/deps/moko_mkl62ba_pico_uart-26b5a028936bfc51.uvn3bimckzkcr1x.rcgu.o:(.text._ZN4core3ops8function6FnOnce9call_once17hf76a6c6de2f18e3bE.llvm.7971329782401510250)
1000159e 1000159e        0     1                 $t.4
1000159f 1000159f        a     1                 core::ops::function::FnOnce::call_once::hf76a6c6de2f18e3b (.llvm.7971329782401510250)
100015a8 100015a8       24     4         /Users/mike/Documents/bushtelegram/moko-mkl62ba-at-commands/examples/pico-uart/target/thumbv6m-none-eabi/debug/deps/moko_mkl62ba_pico_uart-26b5a028936bfc51.zar22aael8m35ak.rcgu.o:(.text.UART1_IRQ)
100015a8 100015a8        0     1                 $t.11
100015a9 100015a9       24     1                 UART1_IRQ
100015c8 100015c8        0     1                 $d.12
100015cc 100015cc        a     2         /Users/mike/Documents/bushtelegram/moko-mkl62ba-at-commands/examples/pico-uart/target/thumbv6m-none-eabi/debug/deps/moko_mkl62ba_pico_uart-26b5a028936bfc51.zar22aael8m35ak.rcgu.o:(.text.main)
100015cc 100015cc        0     1                 $t.13
100015cd 100015cd        a     1                 main
100015d6 100015d6       16     2         /Users/mike/Documents/bushtelegram/moko-mkl62ba-at-commands/examples/pico-uart/target/thumbv6m-none-eabi/debug/deps/moko_mkl62ba_pico_uart-26b5a028936bfc51.zar22aael8m35ak.rcgu.o:(.text._ZN22moko_mkl62ba_pico_uart18__cortex_m_rt_main17h87f33b576333ead0E)
100015d6 100015d6        0     1                 $t.14
100015d7 100015d7       16     1                 moko_mkl62ba_pico_uart::__cortex_m_rt_main::h87f33b576333ead0
100015ec 100015ec        2     2         /Users/mike/Documents/bushtelegram/moko-mkl62ba-at-commands/examples/pico-uart/target/thumbv6m-none-eabi/debug/deps/libcortex_m_rt-46f5946d1badfcf2.rlib(cortex_m_rt-46f5946d1badfcf2.cortex_m_rt.bc87221b-cgu.0.rcgu.o):(.text.DefaultHandler_)
100015ec 100015ec        0     1                 $t.8
100015ed 100015ed        2     1                 DefaultHandler_
100015ee 100015ee        2     2         /Users/mike/Documents/bushtelegram/moko-mkl62ba-at-commands/examples/pico-uart/target/thumbv6m-none-eabi/debug/deps/libcortex_m_rt-46f5946d1badfcf2.rlib(cortex_m_rt-46f5946d1badfcf2.cortex_m_rt.bc87221b-cgu.0.rcgu.o):(.text.DefaultPreInit)
100015ee 100015ee        0     1                 $t.9
100015ef 100015ef        2     1                 DefaultPreInit
100015f0 100015f0       14     4         /Users/mike/Documents/bushtelegram/moko-mkl62ba-at-commands/examples/pico-uart/target/thumbv6m-none-eabi/debug/deps/libmoko_mkl62ba_at_commands-ce47014fc03f50dd.rlib(moko_mkl62ba_at_commands-ce47014fc03f50dd.1jniwe156svqulpv.rcgu.o):(.text._ZN45_$LT$$LP$$RP$$u20$as$u20$core..fmt..Debug$GT$3fmt17hc2fa2220df04a9aeE)
100015f0 100015f0        0     1                 $t.0
100015f1 100015f1       14     1                 _$LT$$LP$$RP$$u20$as$u20$core..fmt..Debug$GT$::fmt::hc2fa2220df04a9ae
10001600 10001600        0     1                 $d.1
10001604 10001604        2     2         /Users/mike/Documents/bushtelegram/moko-mkl62ba-at-commands/examples/pico-uart/target/thumbv6m-none-eabi/debug/deps/libmoko_mkl62ba_at_commands-ce47014fc03f50dd.rlib(moko_mkl62ba_at_commands-ce47014fc03f50dd.1jniwe156svqulpv.rcgu.o):(.text._ZN4core3ptr29drop_in_place$LT$$LP$$RP$$GT$17h3caa88af2c97b789E)
10001604 10001604        0     1                 $t.4
10001605 10001605        2     1                 core::ptr::drop_in_place$LT$$LP$$RP$$GT$::h3caa88af2c97b789
10001606 10001606        2     2         /Users/mike/Documents/bushtelegram/moko-mkl62ba-at-commands/examples/pico-uart/target/thumbv6m-none-eabi/debug/deps/libmoko_mkl62ba_at_commands-ce47014fc03f50dd.rlib(moko_mkl62ba_at_commands-ce47014fc03f50dd.1jniwe156svqulpv.rcgu.o):(.text._ZN4core3ptr41drop_in_place$LT$serde_at..ser..Error$GT$17h60fe4a07ce9a874eE)
10001606 10001606        0     1                 $t.5
10001607 10001607        2     1                 core::ptr::drop_in_place$LT$serde_at..ser..Error$GT$::h60fe4a07ce9a874e
10001608 10001608       3c     4         /Users/mike/Documents/bushtelegram/moko-mkl62ba-at-commands/examples/pico-uart/target/thumbv6m-none-eabi/debug/deps/libmoko_mkl62ba_at_commands-ce47014fc03f50dd.rlib(moko_mkl62ba_at_commands-ce47014fc03f50dd.1jniwe156svqulpv.rcgu.o):(.text._ZN24moko_mkl62ba_at_commands4lora8commands11JoinModeSet4otaa17h76c84f1e18974ac9E)
10001608 10001608        0     1                 $t.14
10001609 10001609       3c     1                 moko_mkl62ba_at_commands::lora::commands::JoinModeSet::otaa::h76c84f1e18974ac9
10001634 10001634        0     1                 $d.15
10001644 10001644       18     2         /Users/mike/Documents/bushtelegram/moko-mkl62ba-at-commands/examples/pico-uart/target/thumbv6m-none-eabi/debug/deps/libmoko_mkl62ba_at_commands-ce47014fc03f50dd.rlib(moko_mkl62ba_at_commands-ce47014fc03f50dd.1jniwe156svqulpv.rcgu.o):(.text._ZN24moko_mkl62ba_at_commands4lora8commands9DevEuiSet7dev_eui17haf1c10256306c798E)
10001644 10001644        0     1                 $t.18
10001645 10001645       18     1                 moko_mkl62ba_at_commands::lora::commands::DevEuiSet::dev_eui::haf1c10256306c798
1000165c 1000165c       18     2         /Users/mike/Documents/bushtelegram/moko-mkl62ba-at-commands/examples/pico-uart/target/thumbv6m-none-eabi/debug/deps/libmoko_mkl62ba_at_commands-ce47014fc03f50dd.rlib(moko_mkl62ba_at_commands-ce47014fc03f50dd.1jniwe156svqulpv.rcgu.o):(.text._ZN24moko_mkl62ba_at_commands4lora8commands9AppEuiSet7app_eui17hf12301c7ba48c121E)
1000165c 1000165c        0     1                 $t.19
1000165d 1000165d       18     1                 moko_mkl62ba_at_commands::lora::commands::AppEuiSet::app_eui::hf12301c7ba48c121
10001674 10001674       1e     2         /Users/mike/Documents/bushtelegram/moko-mkl62ba-at-commands/examples/pico-uart/target/thumbv6m-none-eabi/debug/deps/libmoko_mkl62ba_at_commands-ce47014fc03f50dd.rlib(moko_mkl62ba_at_commands-ce47014fc03f50dd.1jniwe156svqulpv.rcgu.o):(.text._ZN24moko_mkl62ba_at_commands4lora8commands9AppKeySet7app_key17hf062f5cfdc22bddaE)
10001674 10001674        0     1                 $t.20
10001675 10001675       1e     1                 moko_mkl62ba_at_commands::lora::commands::AppKeySet::app_key::hf062f5cfdc22bdda
10001692 10001692        a     2         /Users/mike/Documents/bushtelegram/moko-mkl62ba-at-commands/examples/pico-uart/target/thumbv6m-none-eabi/debug/deps/libmoko_mkl62ba_at_commands-ce47014fc03f50dd.rlib(moko_mkl62ba_at_commands-ce47014fc03f50dd.1jniwe156svqulpv.rcgu.o):(.text._ZN24moko_mkl62ba_at_commands4lora8commands13LoraRegionSet6region17hc723628685a7f133E)
10001692 10001692        0     1                 $t.21
10001693 10001693        a     1                 moko_mkl62ba_at_commands::lora::commands::LoraRegionSet::region::hc723628685a7f133
1000169c 1000169c       3c     4         /Users/mike/Documents/bushtelegram/moko-mkl62ba-at-commands/examples/pico-uart/target/thumbv6m-none-eabi/debug/deps/libmoko_mkl62ba_at_commands-ce47014fc03f50dd.rlib(moko_mkl62ba_at_commands-ce47014fc03f50dd.1jniwe156svqulpv.rcgu.o):(.text._ZN24moko_mkl62ba_at_commands4lora8commands15LoraAutoJoinSet2on17h5bc0c11fe0f13756E)
1000169c 1000169c        0     1                 $t.23
1000169d 1000169d       3c     1                 moko_mkl62ba_at_commands::lora::commands::LoraAutoJoinSet::on::h5bc0c11fe0f13756
100016c8 100016c8        0     1                 $d.24
100016d8 100016d8      1c0     4         /Users/mike/Documents/bushtelegram/moko-mkl62ba-at-commands/examples/pico-uart/target/thumbv6m-none-eabi/debug/deps/libmoko_mkl62ba_at_commands-ce47014fc03f50dd.rlib(moko_mkl62ba_at_commands-ce47014fc03f50dd.1jniwe156svqulpv.rcgu.o):(.text._ZN24moko_mkl62ba_at_commands4lora8commands20SendBytesUnprocessed9processed17h83f7a1e3541eb24eE)
100016d8 100016d8        0     1                 $t.31
100016d9 100016d9      1c0     1                 moko_mkl62ba_at_commands::lora::commands::SendBytesUnprocessed::processed::h83f7a1e3541eb24e
10001880 10001880        0     1                 $d.32
10001898 10001898       c2     2         /Users/mike/Documents/bushtelegram/moko-mkl62ba-at-commands/examples/pico-uart/target/thumbv6m-none-eabi/debug/deps/libmoko_mkl62ba_at_commands-ce47014fc03f50dd.rlib(moko_mkl62ba_at_commands-ce47014fc03f50dd.1jniwe156svqulpv.rcgu.o):(.text._ZN24moko_mkl62ba_at_commands4lora8commands9SendBytes3new17h57105ee3bb7783c8E)
10001898 10001898        0     1                 $t.33
10001899 10001899       c2     1                 moko_mkl62ba_at_commands::lora::commands::SendBytes::new::h57105ee3bb7783c8
1000195c 1000195c       3c     4         /Users/mike/Documents/bushtelegram/moko-mkl62ba-at-commands/examples/pico-uart/target/thumbv6m-none-eabi/debug/deps/libmoko_mkl62ba_at_commands-ce47014fc03f50dd.rlib(moko_mkl62ba_at_commands-ce47014fc03f50dd.1piu7497mcts9ea1.rcgu.o):(.text._ZN24moko_mkl62ba_at_commands7general8commands6AteSet3off17h14d0b07148e4aa50E)
1000195c 1000195c        0     1                 $t.3
1000195d 1000195d       3c     1                 moko_mkl62ba_at_commands::general::commands::AteSet::off::h14d0b07148e4aa50
10001988 10001988        0     1                 $d.4
10001998 10001998       98     4         /Users/mike/Documents/bushtelegram/moko-mkl62ba-at-commands/examples/pico-uart/target/thumbv6m-none-eabi/debug/deps/libmoko_mkl62ba_at_commands-ce47014fc03f50dd.rlib(moko_mkl62ba_at_commands-ce47014fc03f50dd.2kbczjwgfz2xqu27.rcgu.o):(.text._ZN24moko_mkl62ba_at_commands4lora5types147_$LT$impl$u20$core..convert..From$LT$moko_mkl62ba_at_commands..lora..types..LoraRegion$GT$$u20$for$u20$heapless..string..String$LT$10_usize$GT$$GT$4from17hb820ea975dba34e6E)
10001998 10001998        0     1                 $t.0
10001999 10001999       98     1                 moko_mkl62ba_at_commands::lora::types::_$LT$impl$u20$core..convert..From$LT$moko_mkl62ba_at_commands..lora..types..LoraRegion$GT$$u20$for$u20$heapless..string..String$LT$10_usize$GT$$GT$::from::hb820ea975dba34e6
100019a8 100019a8        0     1                 $d.1
100019b0 100019b0        0     1                 $t.2
10001a08 10001a08        0     1                 $d.3
10001a30 10001a30       94     4         /Users/mike/Documents/bushtelegram/moko-mkl62ba-at-commands/examples/pico-uart/target/thumbv6m-none-eabi/debug/deps/libmoko_mkl62ba_at_commands-ce47014fc03f50dd.rlib(moko_mkl62ba_at_commands-ce47014fc03f50dd.2u934pe79voi113o.rcgu.o):(.text._ZN8heapless3vec16Vec$LT$T$C$_$GT$17extend_from_slice17h16b20014c9545548E)
10001a30 10001a30        0     1                 $t.30
10001a31 10001a31       94     1                 heapless::vec::Vec$LT$T$C$_$GT$::extend_from_slice::h16b20014c9545548
10001ab0 10001ab0        0     1                 $d.31
10001ac4 10001ac4       a0     4         /Users/mike/Documents/bushtelegram/moko-mkl62ba-at-commands/examples/pico-uart/target/thumbv6m-none-eabi/debug/deps/libmoko_mkl62ba_at_commands-ce47014fc03f50dd.rlib(moko_mkl62ba_at_commands-ce47014fc03f50dd.2u934pe79voi113o.rcgu.o):(.text._ZN8heapless3vec16Vec$LT$T$C$_$GT$17extend_from_slice17h548abd43807048e2E)
10001ac4 10001ac4        0     1                 $t.34
10001ac5 10001ac5       a0     1                 heapless::vec::Vec$LT$T$C$_$GT$::extend_from_slice::h548abd43807048e2
10001b4c 10001b4c        0     1                 $d.35
10001b64 10001b64       94     4         /Users/mike/Documents/bushtelegram/moko-mkl62ba-at-commands/examples/pico-uart/target/thumbv6m-none-eabi/debug/deps/libmoko_mkl62ba_at_commands-ce47014fc03f50dd.rlib(moko_mkl62ba_at_commands-ce47014fc03f50dd.2u934pe79voi113o.rcgu.o):(.text._ZN8heapless3vec16Vec$LT$T$C$_$GT$17extend_from_slice17h7815ba4536e913bdE)
10001b64 10001b64        0     1                 $t.36
10001b65 10001b65       94     1                 heapless::vec::Vec$LT$T$C$_$GT$::extend_from_slice::h7815ba4536e913bd
10001be4 10001be4        0     1                 $d.37
10001bf8 10001bf8       a0     4         /Users/mike/Documents/bushtelegram/moko-mkl62ba-at-commands/examples/pico-uart/target/thumbv6m-none-eabi/debug/deps/libmoko_mkl62ba_at_commands-ce47014fc03f50dd.rlib(moko_mkl62ba_at_commands-ce47014fc03f50dd.2u934pe79voi113o.rcgu.o):(.text._ZN8heapless3vec16Vec$LT$T$C$_$GT$17extend_from_slice17h8d8f066a340cd42bE)
10001bf8 10001bf8        0     1                 $t.38
10001bf9 10001bf9       a0     1                 heapless::vec::Vec$LT$T$C$_$GT$::extend_from_slice::h8d8f066a340cd42b
10001c84 10001c84        0     1                 $d.39
10001c98 10001c98       94     4         /Users/mike/Documents/bushtelegram/moko-mkl62ba-at-commands/examples/pico-uart/target/thumbv6m-none-eabi/debug/deps/libmoko_mkl62ba_at_commands-ce47014fc03f50dd.rlib(moko_mkl62ba_at_commands-ce47014fc03f50dd.2u934pe79voi113o.rcgu.o):(.text._ZN8heapless3vec16Vec$LT$T$C$_$GT$17extend_from_slice17hbc226518d0bd20c8E)
10001c98 10001c98        0     1                 $t.40
10001c99 10001c99       94     1                 heapless::vec::Vec$LT$T$C$_$GT$::extend_from_slice::hbc226518d0bd20c8
10001d18 10001d18        0     1                 $d.41
10001d2c 10001d2c       90     4         /Users/mike/Documents/bushtelegram/moko-mkl62ba-at-commands/examples/pico-uart/target/thumbv6m-none-eabi/debug/deps/libmoko_mkl62ba_at_commands-ce47014fc03f50dd.rlib(moko_mkl62ba_at_commands-ce47014fc03f50dd.2u934pe79voi113o.rcgu.o):(.text._ZN8heapless3vec16Vec$LT$T$C$_$GT$17extend_from_slice17hc11e315386acfe49E)
10001d2c 10001d2c        0     1                 $t.42
10001d2d 10001d2d       90     1                 heapless::vec::Vec$LT$T$C$_$GT$::extend_from_slice::hc11e315386acfe49
10001da8 10001da8        0     1                 $d.43
10001dbc 10001dbc        a     2         /Users/mike/Documents/bushtelegram/moko-mkl62ba-at-commands/examples/pico-uart/target/thumbv6m-none-eabi/debug/deps/libmoko_mkl62ba_at_commands-ce47014fc03f50dd.rlib(moko_mkl62ba_at_commands-ce47014fc03f50dd.2u934pe79voi113o.rcgu.o):(.text._ZN8heapless3vec16Vec$LT$T$C$_$GT$3new17h7a21c0c1e876e709E)
10001dbc 10001dbc        0     1                 $t.48
10001dbd 10001dbd        a     1                 heapless::vec::Vec$LT$T$C$_$GT$::new::h7a21c0c1e876e709
10001dc8 10001dc8       74     4         /Users/mike/Documents/bushtelegram/moko-mkl62ba-at-commands/examples/pico-uart/target/thumbv6m-none-eabi/debug/deps/libmoko_mkl62ba_at_commands-ce47014fc03f50dd.rlib(moko_mkl62ba_at_commands-ce47014fc03f50dd.3pq8q2r7fheveypg.rcgu.o):(.text._ZN93_$LT$moko_mkl62ba_at_commands..general..responses..Error$u20$as$u20$defmt..traits..Format$GT$6format17h29dabdae40c14ec7E)
10001dc8 10001dc8        0     1                 $t.16
10001dc9 10001dc9       74     1                 _$LT$moko_mkl62ba_at_commands..general..responses..Error$u20$as$u20$defmt..traits..Format$GT$::format::h29dabdae40c14ec7
10001dd8 10001dd8        0     1                 $d.17
10001dde 10001dde        0     1                 $t.18
10001e24 10001e24        0     1                 $d.19
10001e3c 10001e3c      20c     4         /Users/mike/Documents/bushtelegram/moko-mkl62ba-at-commands/examples/pico-uart/target/thumbv6m-none-eabi/debug/deps/libmoko_mkl62ba_at_commands-ce47014fc03f50dd.rlib(moko_mkl62ba_at_commands-ce47014fc03f50dd.4bpgv2w0pk1elphc.rcgu.o):(.text._ZN89_$LT$$RF$mut$u20$serde_at..ser..Serializer$LT$_$GT$$u20$as$u20$serde..ser..Serializer$GT$13serialize_str17h8ec8f77be12df873E)
10001e3c 10001e3c        0     1                 $t.1
10001e3d 10001e3d      20c     1                 _$LT$$RF$mut$u20$serde_at..ser..Serializer$LT$_$GT$$u20$as$u20$serde..ser..Serializer$GT$::serialize_str::h8ec8f77be12df873
10001f30 10001f30        0     1                 $d.2
10001f34 10001f34        0     1                 $t.3
1000202c 1000202c        0     1                 $d.4
10002048 10002048      108     4         /Users/mike/Documents/bushtelegram/moko-mkl62ba-at-commands/examples/pico-uart/target/thumbv6m-none-eabi/debug/deps/libmoko_mkl62ba_at_commands-ce47014fc03f50dd.rlib(moko_mkl62ba_at_commands-ce47014fc03f50dd.4bpgv2w0pk1elphc.rcgu.o):(.text._ZN8serde_at3ser9to_string17h96015c75c3cf94f5E)
10002048 10002048        0     1                 $t.7
10002049 10002049      108     1                 serde_at::ser::to_string::h96015c75c3cf94f5
10002138 10002138        0     1                 $d.8
10002150 10002150       14     4         /Users/mike/Documents/bushtelegram/moko-mkl62ba-at-commands/examples/pico-uart/target/thumbv6m-none-eabi/debug/deps/libmoko_mkl62ba_at_commands-ce47014fc03f50dd.rlib(moko_mkl62ba_at_commands-ce47014fc03f50dd.4mfmcxobxpbru1ca.rcgu.o):(.text._ZN45_$LT$$LP$$RP$$u20$as$u20$core..fmt..Debug$GT$3fmt17hc2fa2220df04a9aeE.llvm.1362954890203558473)
10002150 10002150        0     1                 $t.9
10002151 10002151       14     1                 _$LT$$LP$$RP$$u20$as$u20$core..fmt..Debug$GT$::fmt::hc2fa2220df04a9ae (.llvm.1362954890203558473)
10002160 10002160        0     1                 $d.10
10002164 10002164        2     2         /Users/mike/Documents/bushtelegram/moko-mkl62ba-at-commands/examples/pico-uart/target/thumbv6m-none-eabi/debug/deps/libmoko_mkl62ba_at_commands-ce47014fc03f50dd.rlib(moko_mkl62ba_at_commands-ce47014fc03f50dd.4mfmcxobxpbru1ca.rcgu.o):(.text._ZN4core3ptr29drop_in_place$LT$$LP$$RP$$GT$17h3caa88af2c97b789E.llvm.1362954890203558473)
10002164 10002164        0     1                 $t.13
10002165 10002165        2     1                 core::ptr::drop_in_place$LT$$LP$$RP$$GT$::h3caa88af2c97b789 (.llvm.1362954890203558473)
10002166 10002166        2     2         /Users/mike/Documents/bushtelegram/moko-mkl62ba-at-commands/examples/pico-uart/target/thumbv6m-none-eabi/debug/deps/libmoko_mkl62ba_at_commands-ce47014fc03f50dd.rlib(moko_mkl62ba_at_commands-ce47014fc03f50dd.4mfmcxobxpbru1ca.rcgu.o):(.text._ZN4core3ptr72drop_in_place$LT$$RF$mut$u20$heapless..string..String$LT$4_usize$GT$$GT$17h445490481271975dE.llvm.1362954890203558473)
10002166 10002166        0     1                 $t.14
10002167 10002167        2     1                 core::ptr::drop_in_place$LT$$RF$mut$u20$heapless..string..String$LT$4_usize$GT$$GT$::h445490481271975d (.llvm.1362954890203558473)
10002168 10002168        c     2         /Users/mike/Documents/bushtelegram/moko-mkl62ba-at-commands/examples/pico-uart/target/thumbv6m-none-eabi/debug/deps/libmoko_mkl62ba_at_commands-ce47014fc03f50dd.rlib(moko_mkl62ba_at_commands-ce47014fc03f50dd.4mfmcxobxpbru1ca.rcgu.o):(.text._ZN50_$LT$$RF$mut$u20$W$u20$as$u20$core..fmt..Write$GT$10write_char17ha2db0f58645294daE)
10002168 10002168        0     1                 $t.15
10002169 10002169        c     1                 _$LT$$RF$mut$u20$W$u20$as$u20$core..fmt..Write$GT$::write_char::ha2db0f58645294da
10002174 10002174       28     4         /Users/mike/Documents/bushtelegram/moko-mkl62ba-at-commands/examples/pico-uart/target/thumbv6m-none-eabi/debug/deps/libmoko_mkl62ba_at_commands-ce47014fc03f50dd.rlib(moko_mkl62ba_at_commands-ce47014fc03f50dd.4mfmcxobxpbru1ca.rcgu.o):(.text._ZN50_$LT$$RF$mut$u20$W$u20$as$u20$core..fmt..Write$GT$9write_fmt17h4af44d3b091f1636E)
10002174 10002174        0     1                 $t.16
10002175 10002175       28     1                 _$LT$$RF$mut$u20$W$u20$as$u20$core..fmt..Write$GT$::write_fmt::h4af44d3b091f1636
10002198 10002198        0     1                 $d.17
1000219c 1000219c        c     2         /Users/mike/Documents/bushtelegram/moko-mkl62ba-at-commands/examples/pico-uart/target/thumbv6m-none-eabi/debug/deps/libmoko_mkl62ba_at_commands-ce47014fc03f50dd.rlib(moko_mkl62ba_at_commands-ce47014fc03f50dd.4mfmcxobxpbru1ca.rcgu.o):(.text._ZN50_$LT$$RF$mut$u20$W$u20$as$u20$core..fmt..Write$GT$9write_str17h6f75c2329ea8b3c3E)
1000219c 1000219c        0     1                 $t.18
1000219d 1000219d        c     1                 _$LT$$RF$mut$u20$W$u20$as$u20$core..fmt..Write$GT$::write_str::h6f75c2329ea8b3c3
100021a8 100021a8      130     4         /Users/mike/Documents/bushtelegram/moko-mkl62ba-at-commands/examples/pico-uart/target/thumbv6m-none-eabi/debug/deps/libmoko_mkl62ba_at_commands-ce47014fc03f50dd.rlib(moko_mkl62ba_at_commands-ce47014fc03f50dd.4mfmcxobxpbru1ca.rcgu.o):(.text._ZN70_$LT$heapless..string..String$LT$_$GT$$u20$as$u20$core..fmt..Write$GT$10write_char17h0237bfaf172e5109E)
100021a8 100021a8        0     1                 $t.32
100021a9 100021a9      130     1                 _$LT$heapless..string..String$LT$_$GT$$u20$as$u20$core..fmt..Write$GT$::write_char::h0237bfaf172e5109
10002204 10002204        0     1                 $d.33
10002208 10002208        0     1                 $t.34
100022bc 100022bc        0     1                 $d.35
100022d8 100022d8        2     2         /Users/mike/Documents/bushtelegram/moko-mkl62ba-at-commands/examples/pico-uart/target/thumbv6m-none-eabi/debug/deps/libmoko_mkl62ba_at_commands-ce47014fc03f50dd.rlib(moko_mkl62ba_at_commands-ce47014fc03f50dd.567zvswxhzvypzqx.rcgu.o):(.text._ZN4core3ptr60drop_in_place$LT$heapless..string..String$LT$6_usize$GT$$GT$17h639c4a84b67717b6E)
100022d8 100022d8        0     1                 $t.5
100022d9 100022d9        2     1                 core::ptr::drop_in_place$LT$heapless..string..String$LT$6_usize$GT$$GT$::h639c4a84b67717b6
100022da 100022da        2     2         /Users/mike/Documents/bushtelegram/moko-mkl62ba-at-commands/examples/pico-uart/target/thumbv6m-none-eabi/debug/deps/libmoko_mkl62ba_at_commands-ce47014fc03f50dd.rlib(moko_mkl62ba_at_commands-ce47014fc03f50dd.567zvswxhzvypzqx.rcgu.o):(.text._ZN4core3ptr61drop_in_place$LT$heapless..string..String$LT$10_usize$GT$$GT$17hd64dce02bfc4aed8E)
100022da 100022da        0     1                 $t.8
100022db 100022db        2     1                 core::ptr::drop_in_place$LT$heapless..string..String$LT$10_usize$GT$$GT$::hd64dce02bfc4aed8
100022dc 100022dc        2     2         /Users/mike/Documents/bushtelegram/moko-mkl62ba-at-commands/examples/pico-uart/target/thumbv6m-none-eabi/debug/deps/libmoko_mkl62ba_at_commands-ce47014fc03f50dd.rlib(moko_mkl62ba_at_commands-ce47014fc03f50dd.567zvswxhzvypzqx.rcgu.o):(.text._ZN4core3ptr61drop_in_place$LT$heapless..vec..Vec$LT$u8$C$288_usize$GT$$GT$17h779309db51a2f39eE)
100022dc 100022dc        0     1                 $t.10
100022dd 100022dd        2     1                 core::ptr::drop_in_place$LT$heapless..vec..Vec$LT$u8$C$288_usize$GT$$GT$::h779309db51a2f39e
100022de 100022de        2     2         /Users/mike/Documents/bushtelegram/moko-mkl62ba-at-commands/examples/pico-uart/target/thumbv6m-none-eabi/debug/deps/libmoko_mkl62ba_at_commands-ce47014fc03f50dd.rlib(moko_mkl62ba_at_commands-ce47014fc03f50dd.567zvswxhzvypzqx.rcgu.o):(.text._ZN4core3ptr62drop_in_place$LT$heapless..string..String$LT$288_usize$GT$$GT$17hc754864aa8315c9eE)
100022de 100022de        0     1                 $t.11
100022df 100022df        2     1                 core::ptr::drop_in_place$LT$heapless..string..String$LT$288_usize$GT$$GT$::hc754864aa8315c9e
100022e0 100022e0       98     4         /Users/mike/Documents/bushtelegram/moko-mkl62ba-at-commands/examples/pico-uart/target/thumbv6m-none-eabi/debug/deps/libmoko_mkl62ba_at_commands-ce47014fc03f50dd.rlib(moko_mkl62ba_at_commands-ce47014fc03f50dd.rokzyrb8ilux4i4.rcgu.o):(.text._ZN96_$LT$serde_at..ser..struct_..SerializeStruct$LT$_$GT$$u20$as$u20$serde..ser..SerializeStruct$GT$15serialize_field17h6154035cb0415d5fE)
100022e0 100022e0        0     1                 $t.1
100022e1 100022e1       98     1                 _$LT$serde_at..ser..struct_..SerializeStruct$LT$_$GT$$u20$as$u20$serde..ser..SerializeStruct$GT$::serialize_field::h6154035cb0415d5f
10002370 10002370        0     1                 $d.2
10002378 10002378       f4     4         /Users/mike/Documents/bushtelegram/moko-mkl62ba-at-commands/examples/pico-uart/target/thumbv6m-none-eabi/debug/deps/libmoko_mkl62ba_at_commands-ce47014fc03f50dd.rlib(moko_mkl62ba_at_commands-ce47014fc03f50dd.rokzyrb8ilux4i4.rcgu.o):(.text._ZN96_$LT$serde_at..ser..struct_..SerializeStruct$LT$_$GT$$u20$as$u20$serde..ser..SerializeStruct$GT$15serialize_field17he3217fff1c6f341cE)
10002378 10002378        0     1                 $t.3
10002379 10002379       f4     1                 _$LT$serde_at..ser..struct_..SerializeStruct$LT$_$GT$$u20$as$u20$serde..ser..SerializeStruct$GT$::serialize_field::he3217fff1c6f341c
10002464 10002464        0     1                 $d.4
1000246c 1000246c       14     4         /Users/mike/Documents/bushtelegram/moko-mkl62ba-at-commands/examples/pico-uart/target/thumbv6m-none-eabi/debug/deps/libmoko_mkl62ba_at_commands-ce47014fc03f50dd.rlib(moko_mkl62ba_at_commands-ce47014fc03f50dd.ts3n31sh2ilodzz.rcgu.o):(.text._ZN45_$LT$$LP$$RP$$u20$as$u20$core..fmt..Debug$GT$3fmt17hc2fa2220df04a9aeE)
1000246c 1000246c        0     1                 $t.7
1000246d 1000246d       14     1                 _$LT$$LP$$RP$$u20$as$u20$core..fmt..Debug$GT$::fmt::hc2fa2220df04a9ae
1000247c 1000247c        0     1                 $d.8
10002480 10002480        2     2         /Users/mike/Documents/bushtelegram/moko-mkl62ba-at-commands/examples/pico-uart/target/thumbv6m-none-eabi/debug/deps/libmoko_mkl62ba_at_commands-ce47014fc03f50dd.rlib(moko_mkl62ba_at_commands-ce47014fc03f50dd.ts3n31sh2ilodzz.rcgu.o):(.text._ZN4core3ptr29drop_in_place$LT$$LP$$RP$$GT$17h3caa88af2c97b789E)
10002480 10002480        0     1                 $t.17
10002481 10002481        2     1                 core::ptr::drop_in_place$LT$$LP$$RP$$GT$::h3caa88af2c97b789
10002482 10002482        2     2         /Users/mike/Documents/bushtelegram/moko-mkl62ba-at-commands/examples/pico-uart/target/thumbv6m-none-eabi/debug/deps/libmoko_mkl62ba_at_commands-ce47014fc03f50dd.rlib(moko_mkl62ba_at_commands-ce47014fc03f50dd.ts3n31sh2ilodzz.rcgu.o):(.text._ZN4core3ptr37drop_in_place$LT$core..fmt..Error$GT$17h10dc78cb39e50748E)
10002482 10002482        0     1                 $t.19
10002483 10002483        2     1                 core::ptr::drop_in_place$LT$core..fmt..Error$GT$::h10dc78cb39e50748
10002484 10002484      134     4         /Users/mike/Documents/bushtelegram/moko-mkl62ba-at-commands/examples/pico-uart/target/thumbv6m-none-eabi/debug/deps/libmoko_mkl62ba_at_commands-ce47014fc03f50dd.rlib(moko_mkl62ba_at_commands-ce47014fc03f50dd.ts3n31sh2ilodzz.rcgu.o):(.text._ZN8heapless6string15String$LT$_$GT$4push17hd23660d9b86885e2E)
10002484 10002484        0     1                 $t.27
10002485 10002485      134     1                 heapless::string::String$LT$_$GT$::push::hd23660d9b86885e2
100024e0 100024e0        0     1                 $d.28
100024e4 100024e4        0     1                 $t.29
1000259c 1000259c        0     1                 $d.30
100025b8 100025b8      37c     4         /Users/mike/Documents/bushtelegram/moko-mkl62ba-at-commands/examples/pico-uart/target/thumbv6m-none-eabi/debug/deps/libmoko_mkl62ba_at_commands-ce47014fc03f50dd.rlib(moko_mkl62ba_at_commands-ce47014fc03f50dd.ts3n31sh2ilodzz.rcgu.o):(.text._ZN8serde_at3ser7hex_str8unstable112_$LT$impl$u20$serde..ser..Serialize$u20$for$u20$serde_at..de..hex_str..HexStr$LT$$u5b$u8$u3b$$u20$N$u5d$$GT$$GT$9serialize17heb2f76f1c185e06cE)
100025b8 100025b8        0     1                 $t.34
100025b9 100025b9      37c     1                 serde_at::ser::hex_str::unstable::_$LT$impl$u20$serde..ser..Serialize$u20$for$u20$serde_at..de..hex_str..HexStr$LT$$u5b$u8$u3b$$u20$N$u5d$$GT$$GT$::serialize::heb2f76f1c185e06c
100028cc 100028cc        0     1                 $d.35
10002934 10002934        e     2         /Users/mike/Documents/bushtelegram/moko-mkl62ba-at-commands/examples/pico-uart/target/thumbv6m-none-eabi/debug/deps/libatat-2e717f4c28a7f9b9.rlib(atat-2e717f4c28a7f9b9.atat.85ac020f-cgu.10.rcgu.o):(.text._ZN4atat6Config3new17h8a2e53eb22cdbe8cE)
10002934 10002934        0     1                 $t.5
10002935 10002935        e     1                 atat::Config::new::h8a2e53eb22cdbe8c
10002942 10002942        8     2         /Users/mike/Documents/bushtelegram/moko-mkl62ba-at-commands/examples/pico-uart/target/thumbv6m-none-eabi/debug/deps/libserde_at-e1df62dd3deadb8f.rlib(serde_at-e1df62dd3deadb8f.serde_at.f566d262-cgu.5.rcgu.o):(.text._ZN4core5slice4iter87_$LT$impl$u20$core..iter..traits..collect..IntoIterator$u20$for$u20$$RF$$u5b$T$u5d$$GT$9into_iter17h1a663f690ce3d678E)
10002942 10002942        0     1                 $t.0
10002943 10002943        8     1                 core::slice::iter::_$LT$impl$u20$core..iter..traits..collect..IntoIterator$u20$for$u20$$RF$$u5b$T$u5d$$GT$::into_iter::h1a663f690ce3d678
1000294a 1000294a        2     2         /Users/mike/Documents/bushtelegram/moko-mkl62ba-at-commands/examples/pico-uart/target/thumbv6m-none-eabi/debug/deps/libserde_at-e1df62dd3deadb8f.rlib(serde_at-e1df62dd3deadb8f.serde_at.f566d262-cgu.7.rcgu.o):(.text._ZN76_$LT$serde_at..ser..Error$u20$as$u20$core..convert..From$LT$$LP$$RP$$GT$$GT$4from17h885580ad1424b6a7E)
1000294a 1000294a        0     1                 $t.2
1000294b 1000294b        2     1                 _$LT$serde_at..ser..Error$u20$as$u20$core..convert..From$LT$$LP$$RP$$GT$$GT$::from::h885580ad1424b6a7
1000294c 1000294c        2     2         /Users/mike/Documents/bushtelegram/moko-mkl62ba-at-commands/examples/pico-uart/target/thumbv6m-none-eabi/debug/deps/libserde_at-e1df62dd3deadb8f.rlib(serde_at-e1df62dd3deadb8f.serde_at.f566d262-cgu.7.rcgu.o):(.text._ZN70_$LT$serde_at..ser..Error$u20$as$u20$core..convert..From$LT$u8$GT$$GT$4from17h93987753cca3ba24E)
1000294c 1000294c        0     1                 $t.3
1000294d 1000294d        2     1                 _$LT$serde_at..ser..Error$u20$as$u20$core..convert..From$LT$u8$GT$$GT$::from::h93987753cca3ba24
10002950 10002950       14     4         /Users/mike/Documents/bushtelegram/moko-mkl62ba-at-commands/examples/pico-uart/target/thumbv6m-none-eabi/debug/deps/libserde_at-e1df62dd3deadb8f.rlib(serde_at-e1df62dd3deadb8f.serde_at.f566d262-cgu.7.rcgu.o):(.text._ZN57_$LT$serde_at..ser..Error$u20$as$u20$core..fmt..Debug$GT$3fmt17hdea619e401e1a1c0E)
10002950 10002950        0     1                 $t.14
10002951 10002951       14     1                 _$LT$serde_at..ser..Error$u20$as$u20$core..fmt..Debug$GT$::fmt::hdea619e401e1a1c0
10002960 10002960        0     1                 $d.15
10002964 10002964        8     2         /Users/mike/Documents/bushtelegram/moko-mkl62ba-at-commands/examples/pico-uart/target/thumbv6m-none-eabi/debug/deps/libmemchr-071ffc3edffbb441.rlib(memchr-071ffc3edffbb441.memchr.a4424a73-cgu.14.rcgu.o):(.text._ZN4core4iter8adapters3zip27TrustedRandomAccessNoCoerce4size17h1ab0bfa590a37e4aE)
10002964 10002964        0     1                 $t.0
10002965 10002965        8     1                 core::iter::adapters::zip::TrustedRandomAccessNoCoerce::size::h1ab0bfa590a37e4a
1000296c 1000296c        2     2         /Users/mike/Documents/bushtelegram/moko-mkl62ba-at-commands/examples/pico-uart/target/thumbv6m-none-eabi/debug/deps/libmemchr-071ffc3edffbb441.rlib(memchr-071ffc3edffbb441.memchr.a4424a73-cgu.15.rcgu.o):(.text._ZN4core4iter8adapters3rev12Rev$LT$T$GT$3new17h254865d1e782adccE)
1000296c 1000296c        0     1                 $t.0
1000296d 1000296d        2     1                 core::iter::adapters::rev::Rev$LT$T$GT$::new::h254865d1e782adcc
10002970 10002970       24     4         /Users/mike/Documents/bushtelegram/moko-mkl62ba-at-commands/examples/pico-uart/target/thumbv6m-none-eabi/debug/deps/libbbqueue-c4aaf5c97385478a.rlib(bbqueue-c4aaf5c97385478a.bbqueue.7daf22ac-cgu.0.rcgu.o):(.text._ZN51_$LT$bbqueue..Error$u20$as$u20$core..fmt..Debug$GT$3fmt17h70cf0233737f7665E)
10002970 10002970        0     1                 $t.0
10002971 10002971       24     1                 _$LT$bbqueue..Error$u20$as$u20$core..fmt..Debug$GT$::fmt::h70cf0233737f7665
1000298c 1000298c        0     1                 $d.1
10002994 10002994       20     2         /Users/mike/Documents/bushtelegram/moko-mkl62ba-at-commands/examples/pico-uart/target/thumbv6m-none-eabi/debug/deps/libbbqueue-c4aaf5c97385478a.rlib(bbqueue-c4aaf5c97385478a.bbqueue.7daf22ac-cgu.1.rcgu.o):(.text._ZN4core5slice29_$LT$impl$u20$$u5b$T$u5d$$GT$15copy_from_slice17h56039763b7bc27aeE)
10002994 10002994        0     1                 $t.0
10002995 10002995       20     1                 core::slice::_$LT$impl$u20$$u5b$T$u5d$$GT$::copy_from_slice::h56039763b7bc27ae
100029b4 100029b4        2     2         /Users/mike/Documents/bushtelegram/moko-mkl62ba-at-commands/examples/pico-uart/target/thumbv6m-none-eabi/debug/deps/libpanic_probe-7f2996f7f8f424d8.rlib(panic_probe-7f2996f7f8f424d8.panic_probe.4d6f575e-cgu.1.rcgu.o):(.text._ZN4core3ptr59drop_in_place$LT$$RF$core..panic..panic_info..PanicInfo$GT$17h55fd885731d794dfE.llvm.3390784908083957107)
100029b4 100029b4        0     1                 $t.0
100029b5 100029b5        2     1                 core::ptr::drop_in_place$LT$$RF$core..panic..panic_info..PanicInfo$GT$::h55fd885731d794df (.llvm.3390784908083957107)
100029b6 100029b6        c     2         /Users/mike/Documents/bushtelegram/moko-mkl62ba-at-commands/examples/pico-uart/target/thumbv6m-none-eabi/debug/deps/libpanic_probe-7f2996f7f8f424d8.rlib(panic_probe-7f2996f7f8f424d8.panic_probe.4d6f575e-cgu.2.rcgu.o):(.text._ZN44_$LT$$RF$T$u20$as$u20$core..fmt..Display$GT$3fmt17h7be771fde5c7fbeaE)
100029b6 100029b6        0     1                 $t.0
100029b7 100029b7        c     1                 _$LT$$RF$T$u20$as$u20$core..fmt..Display$GT$::fmt::h7be771fde5c7fbea
100029c2 100029c2        a     2         /Users/mike/Documents/bushtelegram/moko-mkl62ba-at-commands/examples/pico-uart/target/thumbv6m-none-eabi/debug/deps/libpanic_probe-7f2996f7f8f424d8.rlib(panic_probe-7f2996f7f8f424d8.panic_probe.4d6f575e-cgu.4.rcgu.o):(.text._ZN8cortex_m3asm3udf17h69370b7d76cbdb69E)
100029c2 100029c2        0     1                 $t.0
100029c3 100029c3        a     1                 cortex_m::asm::udf::h69370b7d76cbdb69
100029cc 100029cc       60     4         /Users/mike/Documents/bushtelegram/moko-mkl62ba-at-commands/examples/pico-uart/target/thumbv6m-none-eabi/debug/deps/libpanic_probe-7f2996f7f8f424d8.rlib(panic_probe-7f2996f7f8f424d8.panic_probe.4d6f575e-cgu.4.rcgu.o):(.text.rust_begin_unwind)
100029cc 100029cc        0     1                 $t.1
100029cd 100029cd       60     1                 rust_begin_unwind
10002a1c 10002a1c        0     1                 $d.2
10002a2c 10002a2c       b8     4         /Users/mike/Documents/bushtelegram/moko-mkl62ba-at-commands/examples/pico-uart/target/thumbv6m-none-eabi/debug/deps/libdefmt_rtt-e10ac7fcbd64f48e.rlib(defmt_rtt-e10ac7fcbd64f48e.defmt_rtt.1f967b13-cgu.0.rcgu.o):(.text._defmt_acquire)
10002a2c 10002a2c        0     1                 $t.10
10002a2d 10002a2d       b8     1                 _defmt_acquire
10002abc 10002abc        0     1                 $d.11
10002ae4 10002ae4       2c     4         /Users/mike/Documents/bushtelegram/moko-mkl62ba-at-commands/examples/pico-uart/target/thumbv6m-none-eabi/debug/deps/libdefmt_rtt-e10ac7fcbd64f48e.rlib(defmt_rtt-e10ac7fcbd64f48e.defmt_rtt.1f967b13-cgu.0.rcgu.o):(.text._defmt_release)
10002ae4 10002ae4        0     1                 $t.14
10002ae5 10002ae5       2c     1                 _defmt_release
10002b04 10002b04        0     1                 $d.15
10002b10 10002b10       14     4         /Users/mike/Documents/bushtelegram/moko-mkl62ba-at-commands/examples/pico-uart/target/thumbv6m-none-eabi/debug/deps/libdefmt_rtt-e10ac7fcbd64f48e.rlib(defmt_rtt-e10ac7fcbd64f48e.defmt_rtt.1f967b13-cgu.0.rcgu.o):(.text._defmt_write)
10002b10 10002b10        0     1                 $t.16
10002b11 10002b11       14     1                 _defmt_write
10002b20 10002b20        0     1                 $d.17
10002b24 10002b24      10c     4         /Users/mike/Documents/bushtelegram/moko-mkl62ba-at-commands/examples/pico-uart/target/thumbv6m-none-eabi/debug/deps/libdefmt_rtt-e10ac7fcbd64f48e.rlib(defmt_rtt-e10ac7fcbd64f48e.defmt_rtt.1f967b13-cgu.2.rcgu.o):(.text._ZN9defmt_rtt7channel7Channel14blocking_write17hb20bbe3febd361b7E.llvm.6406868767522981094)
10002b24 10002b24        0     1                 $t.2
10002b25 10002b25      10c     1                 defmt_rtt::channel::Channel::blocking_write::hb20bbe3febd361b7 (.llvm.6406868767522981094)
10002c14 10002c14        0     1                 $d.3
10002c30 10002c30       a8     4         /Users/mike/Documents/bushtelegram/moko-mkl62ba-at-commands/examples/pico-uart/target/thumbv6m-none-eabi/debug/deps/libdefmt_rtt-e10ac7fcbd64f48e.rlib(defmt_rtt-e10ac7fcbd64f48e.defmt_rtt.1f967b13-cgu.2.rcgu.o):(.text._ZN9defmt_rtt7channel7Channel17nonblocking_write17h0b5b4ff08ac57788E.llvm.6406868767522981094)
10002c30 10002c30        0     1                 $t.4
10002c31 10002c31       a8     1                 defmt_rtt::channel::Channel::nonblocking_write::h0b5b4ff08ac57788 (.llvm.6406868767522981094)
10002cc4 10002cc4        0     1                 $d.5
10002cd8 10002cd8      1fc     4         /Users/mike/Documents/bushtelegram/moko-mkl62ba-at-commands/examples/pico-uart/target/thumbv6m-none-eabi/debug/deps/libdefmt_rtt-e10ac7fcbd64f48e.rlib(defmt_rtt-e10ac7fcbd64f48e.defmt_rtt.1f967b13-cgu.3.rcgu.o):(.text._ZN5defmt8encoding5inner7Encoder5write17h47ca4ed9e88ef912E)
10002cd8 10002cd8        0     1                 $t.2
10002cd9 10002cd9      1fc     1                 defmt::encoding::inner::Encoder::write::h47ca4ed9e88ef912
10002eb8 10002eb8        0     1                 $d.3
10002ed4 10002ed4      10c     4         /Users/mike/Documents/bushtelegram/moko-mkl62ba-at-commands/examples/pico-uart/target/thumbv6m-none-eabi/debug/deps/libdefmt_rtt-e10ac7fcbd64f48e.rlib(defmt_rtt-e10ac7fcbd64f48e.defmt_rtt.1f967b13-cgu.3.rcgu.o):(.text._ZN5defmt8encoding5inner7Encoder9end_frame17h17bfa81646efdd91E)
10002ed4 10002ed4        0     1                 $t.4
10002ed5 10002ed5      10c     1                 defmt::encoding::inner::Encoder::end_frame::h17bfa81646efdd91
10002fd0 10002fd0        0     1                 $d.5
10002fe0 10002fe0        2     2         /Users/mike/Documents/bushtelegram/moko-mkl62ba-at-commands/examples/pico-uart/target/thumbv6m-none-eabi/debug/deps/libcritical_section-b66392072611c577.rlib(critical_section-b66392072611c577.critical_section.74e87d70-cgu.0.rcgu.o):(.text._ZN62_$LT$bool$u20$as$u20$critical_section..ConvertRestoreState$GT$5to_u817h50527f6db375cd75E)
10002fe0 10002fe0        0     1                 $t.2
10002fe1 10002fe1        2     1                 _$LT$bool$u20$as$u20$critical_section..ConvertRestoreState$GT$::to_u8::h50527f6db375cd75
10002fe2 10002fe2        a     2         /Users/mike/Documents/bushtelegram/moko-mkl62ba-at-commands/examples/pico-uart/target/thumbv6m-none-eabi/debug/deps/libcritical_section-b66392072611c577.rlib(critical_section-b66392072611c577.critical_section.74e87d70-cgu.0.rcgu.o):(.text._ZN62_$LT$bool$u20$as$u20$critical_section..ConvertRestoreState$GT$7from_u817h79737d8991e98752E)
10002fe2 10002fe2        0     1                 $t.3
10002fe3 10002fe3        a     1                 _$LT$bool$u20$as$u20$critical_section..ConvertRestoreState$GT$::from_u8::h79737d8991e98752
10002fec 10002fec        4     2         /Users/mike/Documents/bushtelegram/moko-mkl62ba-at-commands/examples/pico-uart/target/thumbv6m-none-eabi/debug/deps/libembassy_rp-7884128e639412c6.rlib(embassy_rp-7884128e639412c6.embassy_rp.a98045eb-cgu.10.rcgu.o):(.text._ZN74_$LT$embassy_rp..gpio..AnyPin$u20$as$u20$embassy_rp..gpio..sealed..Pin$GT$8pin_bank17h4430d8eddae266a6E)
10002fec 10002fec        0     1                 $t.2
10002fed 10002fed        4     1                 _$LT$embassy_rp..gpio..AnyPin$u20$as$u20$embassy_rp..gpio..sealed..Pin$GT$::pin_bank::h4430d8eddae266a6
10002ff0 10002ff0      13c     4         /Users/mike/Documents/bushtelegram/moko-mkl62ba-at-commands/examples/pico-uart/target/thumbv6m-none-eabi/debug/deps/libembassy_rp-7884128e639412c6.rlib(embassy_rp-7884128e639412c6.embassy_rp.a98045eb-cgu.10.rcgu.o):(.text.IO_IRQ_BANK0)
10002ff0 10002ff0        0     1                 $t.21
10002ff1 10002ff1      13c     1                 IO_IRQ_BANK0
10003078 10003078        0     1                 $d.22
1000307c 1000307c        0     1                 $t.23
100030b4 100030b4        0     1                 $d.24
100030ba 100030ba        0     1                 $t.25
1000310c 1000310c        0     1                 $d.26
1000312c 1000312c        4     2         /Users/mike/Documents/bushtelegram/moko-mkl62ba-at-commands/examples/pico-uart/target/thumbv6m-none-eabi/debug/deps/libembassy_rp-7884128e639412c6.rlib(embassy_rp-7884128e639412c6.embassy_rp.a98045eb-cgu.10.rcgu.o):(.text._ZN102_$LT$embassy_rp..gpio..AnyPin$u20$as$u20$core..convert..From$LT$embassy_rp..peripherals..PIN_4$GT$$GT$4from17h2d15d02f01d383d3E)
1000312c 1000312c        0     1                 $t.31
1000312d 1000312d        4     1                 _$LT$embassy_rp..gpio..AnyPin$u20$as$u20$core..convert..From$LT$embassy_rp..peripherals..PIN_4$GT$$GT$::from::h2d15d02f01d383d3
10003130 10003130        4     2         /Users/mike/Documents/bushtelegram/moko-mkl62ba-at-commands/examples/pico-uart/target/thumbv6m-none-eabi/debug/deps/libembassy_rp-7884128e639412c6.rlib(embassy_rp-7884128e639412c6.embassy_rp.a98045eb-cgu.10.rcgu.o):(.text._ZN102_$LT$embassy_rp..gpio..AnyPin$u20$as$u20$core..convert..From$LT$embassy_rp..peripherals..PIN_5$GT$$GT$4from17h75cc4d5d8e8d5df2E)
10003130 10003130        0     1                 $t.32
10003131 10003131        4     1                 _$LT$embassy_rp..gpio..AnyPin$u20$as$u20$core..convert..From$LT$embassy_rp..peripherals..PIN_5$GT$$GT$::from::h75cc4d5d8e8d5df2
10003134 10003134       dc     4         /Users/mike/Documents/bushtelegram/moko-mkl62ba-at-commands/examples/pico-uart/target/thumbv6m-none-eabi/debug/deps/libembassy_rp-7884128e639412c6.rlib(embassy_rp-7884128e639412c6.embassy_rp.a98045eb-cgu.12.rcgu.o):(.text._ZN10embassy_rp3dma4init17hc7649e1a5ea8b718E)
10003134 10003134        0     1                 $t.0
10003135 10003135       dc     1                 embassy_rp::dma::init::hc7649e1a5ea8b718
100031f4 100031f4        0     1                 $d.1
10003210 10003210       80     4         /Users/mike/Documents/bushtelegram/moko-mkl62ba-at-commands/examples/pico-uart/target/thumbv6m-none-eabi/debug/deps/libembassy_rp-7884128e639412c6.rlib(embassy_rp-7884128e639412c6.embassy_rp.a98045eb-cgu.12.rcgu.o):(.text.DMA_IRQ_0)
10003210 10003210        0     1                 $t.6
10003211 10003211       80     1                 DMA_IRQ_0
10003280 10003280        0     1                 $d.7
10003290 10003290        4     2         /Users/mike/Documents/bushtelegram/moko-mkl62ba-at-commands/examples/pico-uart/target/thumbv6m-none-eabi/debug/deps/libembassy_rp-7884128e639412c6.rlib(embassy_rp-7884128e639412c6.embassy_rp.a98045eb-cgu.13.rcgu.o):(.text._ZN10embassy_rp4uart8DataBits4bits17h7b104e9d90b03bb6E)
10003290 10003290        0     1                 $t.8
10003291 10003291        4     1                 embassy_rp::uart::DataBits::bits::h7b104e9d90b03bb6
10003294 10003294       10     2         /Users/mike/Documents/bushtelegram/moko-mkl62ba-at-commands/examples/pico-uart/target/thumbv6m-none-eabi/debug/deps/libembassy_rp-7884128e639412c6.rlib(embassy_rp-7884128e639412c6.embassy_rp.a98045eb-cgu.13.rcgu.o):(.text._ZN67_$LT$embassy_rp..uart..Config$u20$as$u20$core..default..Default$GT$7default17hd842a4bc0f3bc6a8E)
10003294 10003294        0     1                 $t.9
10003295 10003295       10     1                 _$LT$embassy_rp..uart..Config$u20$as$u20$core..default..Default$GT$::default::hd842a4bc0f3bc6a8
100032a4 100032a4       24     4         /Users/mike/Documents/bushtelegram/moko-mkl62ba-at-commands/examples/pico-uart/target/thumbv6m-none-eabi/debug/deps/libembassy_rp-7884128e639412c6.rlib(embassy_rp-7884128e639412c6.embassy_rp.a98045eb-cgu.13.rcgu.o):(.text._ZN60_$LT$embassy_rp..uart..Error$u20$as$u20$core..fmt..Debug$GT$3fmt17hf7f2e485c93fb111E)
100032a4 100032a4        0     1                 $t.40
100032a5 100032a5       24     1                 _$LT$embassy_rp..uart..Error$u20$as$u20$core..fmt..Debug$GT$::fmt::hf7f2e485c93fb111
100032c0 100032c0        0     1                 $d.41
100032c8 100032c8      2c8     4         /Users/mike/Documents/bushtelegram/moko-mkl62ba-at-commands/examples/pico-uart/target/thumbv6m-none-eabi/debug/deps/libembassy_rp-7884128e639412c6.rlib(embassy_rp-7884128e639412c6.embassy_rp.a98045eb-cgu.3.rcgu.o):(.text._ZN10embassy_rp6clocks4init17had1616025e9d0ca9E)
100032c8 100032c8        0     1                 $t.0
100032c9 100032c9      2c8     1                 embassy_rp::clocks::init::had1616025e9d0ca9
10003560 10003560        0     1                 $d.1
10003590 10003590        8     4         /Users/mike/Documents/bushtelegram/moko-mkl62ba-at-commands/examples/pico-uart/target/thumbv6m-none-eabi/debug/deps/libembassy_rp-7884128e639412c6.rlib(embassy_rp-7884128e639412c6.embassy_rp.a98045eb-cgu.3.rcgu.o):(.text._ZN10embassy_rp6clocks13clk_peri_freq17h57d89c3d13be8061E)
10003590 10003590        0     1                 $t.2
10003591 10003591        8     1                 embassy_rp::clocks::clk_peri_freq::h57d89c3d13be8061
10003594 10003594        0     1                 $d.3
10003598 10003598        8     2         /Users/mike/Documents/bushtelegram/moko-mkl62ba-at-commands/examples/pico-uart/target/thumbv6m-none-eabi/debug/deps/libembassy_rp-7884128e639412c6.rlib(embassy_rp-7884128e639412c6.embassy_rp.a98045eb-cgu.4.rcgu.o):(.text._ZN4core5slice4iter95_$LT$impl$u20$core..iter..traits..collect..IntoIterator$u20$for$u20$$RF$mut$u20$$u5b$T$u5d$$GT$9into_iter17h07a6ed23ac5cee95E)
10003598 10003598        0     1                 $t.2
10003599 10003599        8     1                 core::slice::iter::_$LT$impl$u20$core..iter..traits..collect..IntoIterator$u20$for$u20$$RF$mut$u20$$u5b$T$u5d$$GT$::into_iter::h07a6ed23ac5cee95
100035a0 100035a0        2     2         /Users/mike/Documents/bushtelegram/moko-mkl62ba-at-commands/examples/pico-uart/target/thumbv6m-none-eabi/debug/deps/libembassy_rp-7884128e639412c6.rlib(embassy_rp-7884128e639412c6.embassy_rp.a98045eb-cgu.4.rcgu.o):(.text._ZN69_$LT$embassy_rp..config..Config$u20$as$u20$core..default..Default$GT$7default17he32898502a94a30bE)
100035a0 100035a0        0     1                 $t.14
100035a1 100035a1        2     1                 _$LT$embassy_rp..config..Config$u20$as$u20$core..default..Default$GT$::default::he32898502a94a30b
100035a2 100035a2        4     2         /Users/mike/Documents/bushtelegram/moko-mkl62ba-at-commands/examples/pico-uart/target/thumbv6m-none-eabi/debug/deps/libembassy_rp-7884128e639412c6.rlib(embassy_rp-7884128e639412c6.embassy_rp.a98045eb-cgu.4.rcgu.o):(.text._ZN91_$LT$embassy_rp..interrupt..UART1_IRQ$u20$as$u20$embassy_cortex_m..interrupt..Interrupt$GT$6number17hfdc2c9dcd4085d63E)
100035a2 100035a2        0     1                 $t.101
100035a3 100035a3        4     1                 _$LT$embassy_rp..interrupt..UART1_IRQ$u20$as$u20$embassy_cortex_m..interrupt..Interrupt$GT$::number::hfdc2c9dcd4085d63
100035a6 100035a6        2     2         /Users/mike/Documents/bushtelegram/moko-mkl62ba-at-commands/examples/pico-uart/target/thumbv6m-none-eabi/debug/deps/libembassy_rp-7884128e639412c6.rlib(embassy_rp-7884128e639412c6.embassy_rp.a98045eb-cgu.4.rcgu.o):(.text._ZN91_$LT$embassy_rp..interrupt..UART1_IRQ$u20$as$u20$embassy_cortex_m..interrupt..Interrupt$GT$5steal17h7abbc925917813d0E)
100035a6 100035a6        0     1                 $t.102
100035a7 100035a7        2     1                 _$LT$embassy_rp..interrupt..UART1_IRQ$u20$as$u20$embassy_cortex_m..interrupt..Interrupt$GT$::steal::h7abbc925917813d0
100035a8 100035a8        8     4         /Users/mike/Documents/bushtelegram/moko-mkl62ba-at-commands/examples/pico-uart/target/thumbv6m-none-eabi/debug/deps/libembassy_rp-7884128e639412c6.rlib(embassy_rp-7884128e639412c6.embassy_rp.a98045eb-cgu.4.rcgu.o):(.text._ZN91_$LT$embassy_rp..interrupt..UART1_IRQ$u20$as$u20$embassy_cortex_m..interrupt..Interrupt$GT$9__handler17hcb5afebde5db37b1E)
100035a8 100035a8        0     1                 $t.103
100035a9 100035a9        8     1                 _$LT$embassy_rp..interrupt..UART1_IRQ$u20$as$u20$embassy_cortex_m..interrupt..Interrupt$GT$::__handler::hcb5afebde5db37b1
100035ac 100035ac        0     1                 $d.104
100035b0 100035b0       a4     4         /Users/mike/Documents/bushtelegram/moko-mkl62ba-at-commands/examples/pico-uart/target/thumbv6m-none-eabi/debug/deps/libembassy_rp-7884128e639412c6.rlib(embassy_rp-7884128e639412c6.embassy_rp.a98045eb-cgu.6.rcgu.o):(.text._ZN79_$LT$embassy_rp..timer..TimerDriver$u20$as$u20$embassy_time..driver..Driver$GT$9set_alarm17h9877648b120cfb1aE)
100035b0 100035b0        0     1                 $t.7
100035b1 100035b1       a4     1                 _$LT$embassy_rp..timer..TimerDriver$u20$as$u20$embassy_time..driver..Driver$GT$::set_alarm::h9877648b120cfb1a
1000364c 1000364c        0     1                 $d.8
10003654 10003654      110     4         /Users/mike/Documents/bushtelegram/moko-mkl62ba-at-commands/examples/pico-uart/target/thumbv6m-none-eabi/debug/deps/libembassy_rp-7884128e639412c6.rlib(embassy_rp-7884128e639412c6.embassy_rp.a98045eb-cgu.6.rcgu.o):(.text._ZN10embassy_rp5timer4init17h3547f706de8bae61E)
10003654 10003654        0     1                 $t.9
10003655 10003655      110     1                 embassy_rp::timer::init::h3547f706de8bae61
10003754 10003754        0     1                 $d.10
10003764 10003764       1c     4         /Users/mike/Documents/bushtelegram/moko-mkl62ba-at-commands/examples/pico-uart/target/thumbv6m-none-eabi/debug/deps/libembassy_rp-7884128e639412c6.rlib(embassy_rp-7884128e639412c6.embassy_rp.a98045eb-cgu.6.rcgu.o):(.text._embassy_time_now)
10003764 10003764        0     1                 $t.30
10003765 10003765       1c     1                 _embassy_time_now
1000377c 1000377c        0     1                 $d.31
10003780 10003780       68     4         /Users/mike/Documents/bushtelegram/moko-mkl62ba-at-commands/examples/pico-uart/target/thumbv6m-none-eabi/debug/deps/libembassy_rp-7884128e639412c6.rlib(embassy_rp-7884128e639412c6.embassy_rp.a98045eb-cgu.6.rcgu.o):(.text._embassy_time_allocate_alarm)
10003780 10003780        0     1                 $t.32
10003781 10003781       68     1                 _embassy_time_allocate_alarm
100037dc 100037dc        0     1                 $d.33
100037e8 100037e8       44     4         /Users/mike/Documents/bushtelegram/moko-mkl62ba-at-commands/examples/pico-uart/target/thumbv6m-none-eabi/debug/deps/libembassy_rp-7884128e639412c6.rlib(embassy_rp-7884128e639412c6.embassy_rp.a98045eb-cgu.6.rcgu.o):(.text._embassy_time_set_alarm_callback)
100037e8 100037e8        0     1                 $t.34
100037e9 100037e9       44     1                 _embassy_time_set_alarm_callback
10003824 10003824        0     1                 $d.35
1000382c 1000382c       14     4         /Users/mike/Documents/bushtelegram/moko-mkl62ba-at-commands/examples/pico-uart/target/thumbv6m-none-eabi/debug/deps/libembassy_rp-7884128e639412c6.rlib(embassy_rp-7884128e639412c6.embassy_rp.a98045eb-cgu.6.rcgu.o):(.text._embassy_time_set_alarm)
1000382c 1000382c        0     1                 $t.36
1000382d 1000382d       14     1                 _embassy_time_set_alarm
1000383c 1000383c        0     1                 $d.37
10003840 10003840       68     4         /Users/mike/Documents/bushtelegram/moko-mkl62ba-at-commands/examples/pico-uart/target/thumbv6m-none-eabi/debug/deps/libembassy_rp-7884128e639412c6.rlib(embassy_rp-7884128e639412c6.embassy_rp.a98045eb-cgu.6.rcgu.o):(.text.TIMER_IRQ_0)
10003840 10003840        0     1                 $t.38
10003841 10003841       68     1                 TIMER_IRQ_0
100038a0 100038a0        0     1                 $d.39
100038a8 100038a8       68     4         /Users/mike/Documents/bushtelegram/moko-mkl62ba-at-commands/examples/pico-uart/target/thumbv6m-none-eabi/debug/deps/libembassy_rp-7884128e639412c6.rlib(embassy_rp-7884128e639412c6.embassy_rp.a98045eb-cgu.6.rcgu.o):(.text.TIMER_IRQ_1)
100038a8 100038a8        0     1                 $t.40
100038a9 100038a9       68     1                 TIMER_IRQ_1
10003908 10003908        0     1                 $d.41
10003910 10003910       68     4         /Users/mike/Documents/bushtelegram/moko-mkl62ba-at-commands/examples/pico-uart/target/thumbv6m-none-eabi/debug/deps/libembassy_rp-7884128e639412c6.rlib(embassy_rp-7884128e639412c6.embassy_rp.a98045eb-cgu.6.rcgu.o):(.text.TIMER_IRQ_2)
10003910 10003910        0     1                 $t.42
10003911 10003911       68     1                 TIMER_IRQ_2
10003970 10003970        0     1                 $d.43
10003978 10003978       68     4         /Users/mike/Documents/bushtelegram/moko-mkl62ba-at-commands/examples/pico-uart/target/thumbv6m-none-eabi/debug/deps/libembassy_rp-7884128e639412c6.rlib(embassy_rp-7884128e639412c6.embassy_rp.a98045eb-cgu.6.rcgu.o):(.text.TIMER_IRQ_3)
10003978 10003978        0     1                 $t.44
10003979 10003979       68     1                 TIMER_IRQ_3
100039d8 100039d8        0     1                 $d.45
100039e0 100039e0       50     4         /Users/mike/Documents/bushtelegram/moko-mkl62ba-at-commands/examples/pico-uart/target/thumbv6m-none-eabi/debug/deps/libembassy_rp-7884128e639412c6.rlib(embassy_rp-7884128e639412c6.embassy_rp.a98045eb-cgu.8.rcgu.o):(.text._ZN10embassy_rp4init17hfe12deb423f3cebcE)
100039e0 100039e0        0     1                 $t.27
100039e1 100039e1       50     1                 embassy_rp::init::hfe12deb423f3cebc
10003a28 10003a28        0     1                 $d.28
10003a30 10003a30        8     4         /Users/mike/Documents/bushtelegram/moko-mkl62ba-at-commands/examples/pico-uart/target/thumbv6m-none-eabi/debug/deps/libembassy_rp-7884128e639412c6.rlib(embassy_rp-7884128e639412c6.embassy_rp.a98045eb-cgu.9.rcgu.o):(.text._ZN10embassy_rp4uart95_$LT$impl$u20$embassy_rp..uart..sealed..Instance$u20$for$u20$embassy_rp..peripherals..UART1$GT$4regs17h2a3398409838d61aE)
10003a30 10003a30        0     1                 $t.78
10003a31 10003a31        8     1                 embassy_rp::uart::_$LT$impl$u20$embassy_rp..uart..sealed..Instance$u20$for$u20$embassy_rp..peripherals..UART1$GT$::regs::h2a3398409838d61a
10003a34 10003a34        0     1                 $d.79
10003a38 10003a38        8     4         /Users/mike/Documents/bushtelegram/moko-mkl62ba-at-commands/examples/pico-uart/target/thumbv6m-none-eabi/debug/deps/libembassy_rp-7884128e639412c6.rlib(embassy_rp-7884128e639412c6.embassy_rp.a98045eb-cgu.9.rcgu.o):(.text._ZN10embassy_rp4uart95_$LT$impl$u20$embassy_rp..uart..sealed..Instance$u20$for$u20$embassy_rp..peripherals..UART1$GT$5state17h9af332166c3149e5E)
10003a38 10003a38        0     1                 $t.80
10003a39 10003a39        8     1                 embassy_rp::uart::_$LT$impl$u20$embassy_rp..uart..sealed..Instance$u20$for$u20$embassy_rp..peripherals..UART1$GT$::state::h9af332166c3149e5
10003a3c 10003a3c        0     1                 $d.81
10003a40 10003a40        2     2         /Users/mike/Documents/bushtelegram/moko-mkl62ba-at-commands/examples/pico-uart/target/thumbv6m-none-eabi/debug/deps/libembassy_cortex_m-6b62bb18aa5f189a.rlib(embassy_cortex_m-6b62bb18aa5f189a.embassy_cortex_m.69d2d332-cgu.4.rcgu.o):(.text._ZN92_$LT$embassy_cortex_m..interrupt..NrWrap$u20$as$u20$cortex_m..interrupt..InterruptNumber$GT$6number17h11d035e0923ae43fE)
10003a40 10003a40        0     1                 $t.1
10003a41 10003a41        2     1                 _$LT$embassy_cortex_m..interrupt..NrWrap$u20$as$u20$cortex_m..interrupt..InterruptNumber$GT$::number::h11d035e0923ae43f
10003a42 10003a42        2     2         /Users/mike/Documents/bushtelegram/moko-mkl62ba-at-commands/examples/pico-uart/target/thumbv6m-none-eabi/debug/deps/libembassy_cortex_m-6b62bb18aa5f189a.rlib(embassy_cortex_m-6b62bb18aa5f189a.embassy_cortex_m.69d2d332-cgu.4.rcgu.o):(.text._ZN16embassy_cortex_m9interrupt97_$LT$impl$u20$core..convert..From$LT$embassy_cortex_m..interrupt..Priority$GT$$u20$for$u20$u8$GT$4from17habfb67fec6ed10a4E)
10003a42 10003a42        0     1                 $t.3
10003a43 10003a43        2     1                 embassy_cortex_m::interrupt::_$LT$impl$u20$core..convert..From$LT$embassy_cortex_m..interrupt..Priority$GT$$u20$for$u20$u8$GT$::from::habfb67fec6ed10a4
10003a44 10003a44       1a     2         /Users/mike/Documents/bushtelegram/moko-mkl62ba-at-commands/examples/pico-uart/target/thumbv6m-none-eabi/debug/deps/libcortex_m-fa422a005cdc5dca.rlib(cortex_m-fa422a005cdc5dca.cortex_m.1f365b18-cgu.4.rcgu.o):(.text._critical_section_1_0_acquire)
10003a44 10003a44        0     1                 $t.2
10003a45 10003a45       1a     1                 _critical_section_1_0_acquire
10003a5e 10003a5e        e     2         /Users/mike/Documents/bushtelegram/moko-mkl62ba-at-commands/examples/pico-uart/target/thumbv6m-none-eabi/debug/deps/libcortex_m-fa422a005cdc5dca.rlib(cortex_m-fa422a005cdc5dca.cortex_m.1f365b18-cgu.4.rcgu.o):(.text._critical_section_1_0_release)
10003a5e 10003a5e        0     1                 $t.3
10003a5f 10003a5f        e     1                 _critical_section_1_0_release
10003a6c 10003a6c        4     2         /Users/mike/Documents/bushtelegram/moko-mkl62ba-at-commands/examples/pico-uart/target/thumbv6m-none-eabi/debug/deps/libcortex_m-fa422a005cdc5dca.rlib(bin/thumbv6m-none-eabi.o):(.text.__cpsid)
10003a6c 10003a6c        0     1                 $t.3
10003a6d 10003a6d        4     1                 __cpsid
10003a70 10003a70        4     2         /Users/mike/Documents/bushtelegram/moko-mkl62ba-at-commands/examples/pico-uart/target/thumbv6m-none-eabi/debug/deps/libcortex_m-fa422a005cdc5dca.rlib(bin/thumbv6m-none-eabi.o):(.text.__cpsie)
10003a70 10003a70        0     1                 $t.4
10003a71 10003a71        4     1                 __cpsie
10003a74 10003a74        4     2         /Users/mike/Documents/bushtelegram/moko-mkl62ba-at-commands/examples/pico-uart/target/thumbv6m-none-eabi/debug/deps/libcortex_m-fa422a005cdc5dca.rlib(bin/thumbv6m-none-eabi.o):(.text.__nop)
10003a74 10003a74        0     1                 $t.11
10003a75 10003a75        4     1                 __nop
10003a78 10003a78        6     2         /Users/mike/Documents/bushtelegram/moko-mkl62ba-at-commands/examples/pico-uart/target/thumbv6m-none-eabi/debug/deps/libcortex_m-fa422a005cdc5dca.rlib(bin/thumbv6m-none-eabi.o):(.text.__primask_r)
10003a78 10003a78        0     1                 $t.12
10003a79 10003a79        6     1                 __primask_r
10003a7e 10003a7e        4     2         /Users/mike/Documents/bushtelegram/moko-mkl62ba-at-commands/examples/pico-uart/target/thumbv6m-none-eabi/debug/deps/libcortex_m-fa422a005cdc5dca.rlib(bin/thumbv6m-none-eabi.o):(.text.__sev)
10003a7e 10003a7e        0     1                 $t.15
10003a7f 10003a7f        4     1                 __sev
10003a82 10003a82        4     2         /Users/mike/Documents/bushtelegram/moko-mkl62ba-at-commands/examples/pico-uart/target/thumbv6m-none-eabi/debug/deps/libcortex_m-fa422a005cdc5dca.rlib(bin/thumbv6m-none-eabi.o):(.text.__udf)
10003a82 10003a82        0     1                 $t.16
10003a83 10003a83        4     1                 __udf
10003a86 10003a86        4     2         /Users/mike/Documents/bushtelegram/moko-mkl62ba-at-commands/examples/pico-uart/target/thumbv6m-none-eabi/debug/deps/libcortex_m-fa422a005cdc5dca.rlib(bin/thumbv6m-none-eabi.o):(.text.__wfe)
10003a86 10003a86        0     1                 $t.17
10003a87 10003a87        4     1                 __wfe
10003a8a 10003a8a        2     2         /Users/mike/Documents/bushtelegram/moko-mkl62ba-at-commands/examples/pico-uart/target/thumbv6m-none-eabi/debug/deps/libbare_metal-45ab596f38ee7546.rlib(bare_metal-45ab596f38ee7546.bare_metal.b94deff4-cgu.0.rcgu.o):(.text._ZN10bare_metal15CriticalSection3new17ha148573257fdba51E)
10003a8a 10003a8a        0     1                 $t.0
10003a8b 10003a8b        2     1                 bare_metal::CriticalSection::new::ha148573257fdba51
10003a8c 10003a8c       84     2         /Users/mike/Documents/bushtelegram/moko-mkl62ba-at-commands/examples/pico-uart/target/thumbv6m-none-eabi/debug/deps/libembassy_sync-940f63ffdaf85e32.rlib(embassy_sync-940f63ffdaf85e32.embassy_sync.37ed1aa4-cgu.7.rcgu.o):(.text._ZN12embassy_sync9waitqueue5waker11AtomicWaker8register17h7d807082de22d814E)
10003a8c 10003a8c        0     1                 $t.6
10003a8d 10003a8d       84     1                 embassy_sync::waitqueue::waker::AtomicWaker::register::h7d807082de22d814
10003b10 10003b10       3e     2         /Users/mike/Documents/bushtelegram/moko-mkl62ba-at-commands/examples/pico-uart/target/thumbv6m-none-eabi/debug/deps/libembassy_sync-940f63ffdaf85e32.rlib(embassy_sync-940f63ffdaf85e32.embassy_sync.37ed1aa4-cgu.7.rcgu.o):(.text._ZN12embassy_sync9waitqueue5waker11AtomicWaker4wake17h569839dd4119fa9fE)
10003b10 10003b10        0     1                 $t.7
10003b11 10003b11       3e     1                 embassy_sync::waitqueue::waker::AtomicWaker::wake::h569839dd4119fa9f
10003b4e 10003b4e        c     2         /Users/mike/Documents/bushtelegram/moko-mkl62ba-at-commands/examples/pico-uart/target/thumbv6m-none-eabi/debug/deps/libembassy_hal_common-868c9515725fa412.rlib(embassy_hal_common-868c9515725fa412.embassy_hal_common.064a44e4-cgu.4.rcgu.o):(.text._ZN18embassy_hal_common18atomic_ring_buffer10RingBuffer4init17he10fd7aad94c291eE)
10003b4e 10003b4e        0     1                 $t.1
10003b4f 10003b4f        c     1                 embassy_hal_common::atomic_ring_buffer::RingBuffer::init::he10fd7aad94c291e
10003b5a 10003b5a        a     2         /Users/mike/Documents/bushtelegram/moko-mkl62ba-at-commands/examples/pico-uart/target/thumbv6m-none-eabi/debug/deps/libembassy_hal_common-868c9515725fa412.rlib(embassy_hal_common-868c9515725fa412.embassy_hal_common.064a44e4-cgu.4.rcgu.o):(.text._ZN18embassy_hal_common18atomic_ring_buffer10RingBuffer6deinit17h8a5a7a0fde5d0e7dE)
10003b5a 10003b5a        0     1                 $t.2
10003b5b 10003b5b        a     1                 embassy_hal_common::atomic_ring_buffer::RingBuffer::deinit::h8a5a7a0fde5d0e7d
10003b64 10003b64        2     2         /Users/mike/Documents/bushtelegram/moko-mkl62ba-at-commands/examples/pico-uart/target/thumbv6m-none-eabi/debug/deps/libembassy_hal_common-868c9515725fa412.rlib(embassy_hal_common-868c9515725fa412.embassy_hal_common.064a44e4-cgu.4.rcgu.o):(.text._ZN18embassy_hal_common18atomic_ring_buffer10RingBuffer6reader17hb1a21686e705f3c0E)
10003b64 10003b64        0     1                 $t.3
10003b65 10003b65        2     1                 embassy_hal_common::atomic_ring_buffer::RingBuffer::reader::hb1a21686e705f3c0
10003b66 10003b66        2     2         /Users/mike/Documents/bushtelegram/moko-mkl62ba-at-commands/examples/pico-uart/target/thumbv6m-none-eabi/debug/deps/libembassy_hal_common-868c9515725fa412.rlib(embassy_hal_common-868c9515725fa412.embassy_hal_common.064a44e4-cgu.4.rcgu.o):(.text._ZN18embassy_hal_common18atomic_ring_buffer10RingBuffer6writer17h45212f01d01e7eeeE)
10003b66 10003b66        0     1                 $t.4
10003b67 10003b67        2     1                 embassy_hal_common::atomic_ring_buffer::RingBuffer::writer::h45212f01d01e7eee
10003b68 10003b68        4     2         /Users/mike/Documents/bushtelegram/moko-mkl62ba-at-commands/examples/pico-uart/target/thumbv6m-none-eabi/debug/deps/libembassy_hal_common-868c9515725fa412.rlib(embassy_hal_common-868c9515725fa412.embassy_hal_common.064a44e4-cgu.4.rcgu.o):(.text._ZN18embassy_hal_common18atomic_ring_buffer10RingBuffer3len17h73051b1f3547efeeE)
10003b68 10003b68        0     1                 $t.5
10003b69 10003b69        4     1                 embassy_hal_common::atomic_ring_buffer::RingBuffer::len::h73051b1f3547efee
10003b6c 10003b6c       58     4         /Users/mike/Documents/bushtelegram/moko-mkl62ba-at-commands/examples/pico-uart/target/thumbv6m-none-eabi/debug/deps/libembassy_hal_common-868c9515725fa412.rlib(embassy_hal_common-868c9515725fa412.embassy_hal_common.064a44e4-cgu.4.rcgu.o):(.text._ZN18embassy_hal_common18atomic_ring_buffer10RingBuffer7is_full17h75a40a13875b6e9bE)
10003b6c 10003b6c        0     1                 $t.6
10003b6d 10003b6d       58     1                 embassy_hal_common::atomic_ring_buffer::RingBuffer::is_full::h75a40a13875b6e9b
10003bb4 10003bb4        0     1                 $d.7
10003bc4 10003bc4       70     4         /Users/mike/Documents/bushtelegram/moko-mkl62ba-at-commands/examples/pico-uart/target/thumbv6m-none-eabi/debug/deps/libembassy_hal_common-868c9515725fa412.rlib(embassy_hal_common-868c9515725fa412.embassy_hal_common.064a44e4-cgu.4.rcgu.o):(.text._ZN18embassy_hal_common18atomic_ring_buffer6Writer10push_slice17h8ae6185d920da569E)
10003bc4 10003bc4        0     1                 $t.12
10003bc5 10003bc5       70     1                 embassy_hal_common::atomic_ring_buffer::Writer::push_slice::h8ae6185d920da569
10003c24 10003c24        0     1                 $d.13
10003c34 10003c34       54     4         /Users/mike/Documents/bushtelegram/moko-mkl62ba-at-commands/examples/pico-uart/target/thumbv6m-none-eabi/debug/deps/libembassy_hal_common-868c9515725fa412.rlib(embassy_hal_common-868c9515725fa412.embassy_hal_common.064a44e4-cgu.4.rcgu.o):(.text._ZN18embassy_hal_common18atomic_ring_buffer6Writer9push_done17he2d8e7ee0cdcc929E)
10003c34 10003c34        0     1                 $t.20
10003c35 10003c35       54     1                 embassy_hal_common::atomic_ring_buffer::Writer::push_done::he2d8e7ee0cdcc929
10003c78 10003c78        0     1                 $d.21
10003c88 10003c88       6c     4         /Users/mike/Documents/bushtelegram/moko-mkl62ba-at-commands/examples/pico-uart/target/thumbv6m-none-eabi/debug/deps/libembassy_hal_common-868c9515725fa412.rlib(embassy_hal_common-868c9515725fa412.embassy_hal_common.064a44e4-cgu.4.rcgu.o):(.text._ZN18embassy_hal_common18atomic_ring_buffer6Reader9pop_slice17h6c9172c44b362d4eE)
10003c88 10003c88        0     1                 $t.25
10003c89 10003c89       6c     1                 embassy_hal_common::atomic_ring_buffer::Reader::pop_slice::h6c9172c44b362d4e
10003ce4 10003ce4        0     1                 $d.26
10003cf4 10003cf4       6c     4         /Users/mike/Documents/bushtelegram/moko-mkl62ba-at-commands/examples/pico-uart/target/thumbv6m-none-eabi/debug/deps/libembassy_hal_common-868c9515725fa412.rlib(embassy_hal_common-868c9515725fa412.embassy_hal_common.064a44e4-cgu.4.rcgu.o):(.text._ZN18embassy_hal_common18atomic_ring_buffer6Reader7pop_buf17h27c3421e3f6eeef3E)
10003cf4 10003cf4        0     1                 $t.27
10003cf5 10003cf5       6c     1                 embassy_hal_common::atomic_ring_buffer::Reader::pop_buf::h27c3421e3f6eeef3
10003d50 10003d50        0     1                 $d.28
10003d60 10003d60       54     4         /Users/mike/Documents/bushtelegram/moko-mkl62ba-at-commands/examples/pico-uart/target/thumbv6m-none-eabi/debug/deps/libembassy_hal_common-868c9515725fa412.rlib(embassy_hal_common-868c9515725fa412.embassy_hal_common.064a44e4-cgu.4.rcgu.o):(.text._ZN18embassy_hal_common18atomic_ring_buffer6Reader8pop_done17h0d947504e2948b22E)
[...]
   1badf    1badf      170     1         /Users/mike/Documents/bushtelegram/moko-mkl62ba-at-commands/examples/pico-uart/target/thumbv6m-none-eabi/debug/deps/libserde-8f74f89accf962cd.rlib(serde-8f74f89accf962cd.serde.d91e2ecc-cgu.5.rcgu.o):(.debug_line)
   1bc4f    1bc4f      379     1         /Users/mike/Documents/bushtelegram/moko-mkl62ba-at-commands/examples/pico-uart/target/thumbv6m-none-eabi/debug/deps/libembassy_hal_common-868c9515725fa412.rlib(embassy_hal_common-868c9515725fa412.embassy_hal_common.064a44e4-cgu.0.rcgu.o):(.debug_line)
   1bfc8    1bfc8       ef     1         /Users/mike/Documents/bushtelegram/moko-mkl62ba-at-commands/examples/pico-uart/target/thumbv6m-none-eabi/debug/deps/libembassy_hal_common-868c9515725fa412.rlib(embassy_hal_common-868c9515725fa412.embassy_hal_common.064a44e4-cgu.1.rcgu.o):(.debug_line)
   1c0b7    1c0b7       b7     1         /Users/mike/Documents/bushtelegram/moko-mkl62ba-at-commands/examples/pico-uart/target/thumbv6m-none-eabi/debug/deps/libembassy_hal_common-868c9515725fa412.rlib(embassy_hal_common-868c9515725fa412.embassy_hal_common.064a44e4-cgu.3.rcgu.o):(.debug_line)
   1c16e    1c16e      895     1         /Users/mike/Documents/bushtelegram/moko-mkl62ba-at-commands/examples/pico-uart/target/thumbv6m-none-eabi/debug/deps/libembassy_hal_common-868c9515725fa412.rlib(embassy_hal_common-868c9515725fa412.embassy_hal_common.064a44e4-cgu.4.rcgu.o):(.debug_line)
   1ca03    1ca03       c7     1         /Users/mike/Documents/bushtelegram/moko-mkl62ba-at-commands/examples/pico-uart/target/thumbv6m-none-eabi/debug/deps/libembassy_executor-2bc92b59494f54ef.rlib(embassy_executor-2bc92b59494f54ef.embassy_executor.aa9ed97b-cgu.0.rcgu.o):(.debug_line)
   1caca    1caca      1be     1         /Users/mike/Documents/bushtelegram/moko-mkl62ba-at-commands/examples/pico-uart/target/thumbv6m-none-eabi/debug/deps/libembassy_executor-2bc92b59494f54ef.rlib(embassy_executor-2bc92b59494f54ef.embassy_executor.aa9ed97b-cgu.6.rcgu.o):(.debug_line)
   1cc88    1cc88      211     1         /Users/mike/Documents/bushtelegram/moko-mkl62ba-at-commands/examples/pico-uart/target/thumbv6m-none-eabi/debug/deps/libembassy_executor-2bc92b59494f54ef.rlib(embassy_executor-2bc92b59494f54ef.embassy_executor.aa9ed97b-cgu.7.rcgu.o):(.debug_line)
   1ce99    1ce99      78e     1         /Users/mike/Documents/bushtelegram/moko-mkl62ba-at-commands/examples/pico-uart/target/thumbv6m-none-eabi/debug/deps/libembassy_executor-2bc92b59494f54ef.rlib(embassy_executor-2bc92b59494f54ef.embassy_executor.aa9ed97b-cgu.8.rcgu.o):(.debug_line)
   1d627    1d627      114     1         /Users/mike/Documents/bushtelegram/moko-mkl62ba-at-commands/examples/pico-uart/target/thumbv6m-none-eabi/debug/deps/libembassy_executor-2bc92b59494f54ef.rlib(embassy_executor-2bc92b59494f54ef.embassy_executor.aa9ed97b-cgu.5.rcgu.o):(.debug_line)
   1d73b    1d73b      35e     1         /Users/mike/Documents/bushtelegram/moko-mkl62ba-at-commands/examples/pico-uart/target/thumbv6m-none-eabi/debug/deps/libembassy_executor-2bc92b59494f54ef.rlib(embassy_executor-2bc92b59494f54ef.embassy_executor.aa9ed97b-cgu.3.rcgu.o):(.debug_line)
   1da99    1da99      6ab     1         /Users/mike/Documents/bushtelegram/moko-mkl62ba-at-commands/examples/pico-uart/target/thumbv6m-none-eabi/debug/deps/libembassy_time-02b11c4b112e79b8.rlib(embassy_time-02b11c4b112e79b8.embassy_time.dced6dab-cgu.1.rcgu.o):(.debug_line)
   1e144    1e144       b3     1         /Users/mike/Documents/bushtelegram/moko-mkl62ba-at-commands/examples/pico-uart/target/thumbv6m-none-eabi/debug/deps/libembassy_time-02b11c4b112e79b8.rlib(embassy_time-02b11c4b112e79b8.embassy_time.dced6dab-cgu.4.rcgu.o):(.debug_line)
   1e1f7    1e1f7       c1     1         /Users/mike/Documents/bushtelegram/moko-mkl62ba-at-commands/examples/pico-uart/target/thumbv6m-none-eabi/debug/deps/libembassy_time-02b11c4b112e79b8.rlib(embassy_time-02b11c4b112e79b8.embassy_time.dced6dab-cgu.5.rcgu.o):(.debug_line)
   1e2b8    1e2b8      484     1         /Users/mike/Documents/bushtelegram/moko-mkl62ba-at-commands/examples/pico-uart/target/thumbv6m-none-eabi/debug/deps/libembassy_time-02b11c4b112e79b8.rlib(embassy_time-02b11c4b112e79b8.embassy_time.dced6dab-cgu.7.rcgu.o):(.debug_line)
   1e73c    1e73c      877     1         /Users/mike/Documents/bushtelegram/moko-mkl62ba-at-commands/examples/pico-uart/target/thumbv6m-none-eabi/debug/deps/libembassy_time-02b11c4b112e79b8.rlib(embassy_time-02b11c4b112e79b8.embassy_time.dced6dab-cgu.8.rcgu.o):(.debug_line)
   1efb3    1efb3       91     1         /Users/mike/Documents/bushtelegram/moko-mkl62ba-at-commands/examples/pico-uart/target/thumbv6m-none-eabi/debug/deps/libembassy_time-02b11c4b112e79b8.rlib(embassy_time-02b11c4b112e79b8.embassy_time.dced6dab-cgu.9.rcgu.o):(.debug_line)
   1f044    1f044      3a9     1         /Users/mike/Documents/bushtelegram/moko-mkl62ba-at-commands/examples/pico-uart/target/thumbv6m-none-eabi/debug/deps/libembedded_hal-0a123b98114c7737.rlib(embedded_hal-0a123b98114c7737.embedded_hal.5b7db408-cgu.1.rcgu.o):(.debug_line)
   1f3ed    1f3ed      170     1         /Users/mike/Documents/bushtelegram/moko-mkl62ba-at-commands/examples/pico-uart/target/thumbv6m-none-eabi/debug/deps/libembedded_hal-0a123b98114c7737.rlib(embedded_hal-0a123b98114c7737.embedded_hal.5b7db408-cgu.0.rcgu.o):(.debug_line)
   1f55d    1f55d     2b32     1         /Users/mike/Documents/bushtelegram/moko-mkl62ba-at-commands/examples/pico-uart/target/thumbv6m-none-eabi/debug/deps/libatomic_polyfill-e87b923c4ea446c4.rlib(atomic_polyfill-e87b923c4ea446c4.atomic_polyfill.e5abcc9f-cgu.0.rcgu.o):(.debug_line)
   2208f    2208f      644     1         /Users/mike/Documents/bushtelegram/moko-mkl62ba-at-commands/examples/pico-uart/target/thumbv6m-none-eabi/debug/deps/libdefmt-5871a96f7324dac3.rlib(defmt-5871a96f7324dac3.defmt.2a01f011-cgu.1.rcgu.o):(.debug_line)
   226d3    226d3       8a     1         /Users/mike/Documents/bushtelegram/moko-mkl62ba-at-commands/examples/pico-uart/target/thumbv6m-none-eabi/debug/deps/libdefmt-5871a96f7324dac3.rlib(defmt-5871a96f7324dac3.defmt.2a01f011-cgu.13.rcgu.o):(.debug_line)
   2275d    2275d       35     1         /Users/mike/Documents/bushtelegram/moko-mkl62ba-at-commands/examples/pico-uart/target/thumbv6m-none-eabi/debug/deps/libdefmt-5871a96f7324dac3.rlib(defmt-5871a96f7324dac3.defmt.2a01f011-cgu.14.rcgu.o):(.debug_line)
   22792    22792       8e     1         /Users/mike/Documents/bushtelegram/moko-mkl62ba-at-commands/examples/pico-uart/target/thumbv6m-none-eabi/debug/deps/libdefmt-5871a96f7324dac3.rlib(defmt-5871a96f7324dac3.defmt.2a01f011-cgu.15.rcgu.o):(.debug_line)
   22820    22820      29f     1         /Users/mike/Documents/bushtelegram/moko-mkl62ba-at-commands/examples/pico-uart/target/thumbv6m-none-eabi/debug/deps/libdefmt-5871a96f7324dac3.rlib(defmt-5871a96f7324dac3.defmt.2a01f011-cgu.2.rcgu.o):(.debug_line)
   22abf    22abf       35     1         /Users/mike/Documents/bushtelegram/moko-mkl62ba-at-commands/examples/pico-uart/target/thumbv6m-none-eabi/debug/deps/libdefmt-5871a96f7324dac3.rlib(defmt-5871a96f7324dac3.defmt.2a01f011-cgu.3.rcgu.o):(.debug_line)
   22af4    22af4      1b4     1         /Users/mike/Documents/bushtelegram/moko-mkl62ba-at-commands/examples/pico-uart/target/thumbv6m-none-eabi/debug/deps/libdefmt-5871a96f7324dac3.rlib(defmt-5871a96f7324dac3.defmt.2a01f011-cgu.4.rcgu.o):(.debug_line)
   22ca8    22ca8      123     1         /Users/mike/Documents/bushtelegram/moko-mkl62ba-at-commands/examples/pico-uart/target/thumbv6m-none-eabi/debug/deps/libdefmt-5871a96f7324dac3.rlib(defmt-5871a96f7324dac3.defmt.2a01f011-cgu.8.rcgu.o):(.debug_line)
   22dcb    22dcb       39     1         /Users/mike/Documents/bushtelegram/moko-mkl62ba-at-commands/examples/pico-uart/target/thumbv6m-none-eabi/debug/deps/libdefmt-5871a96f7324dac3.rlib(defmt-5871a96f7324dac3.defmt.2a01f011-cgu.9.rcgu.o):(.debug_line)
   22e04    22e04     335e     1         /Users/mike/.rustup/toolchains/nightly-aarch64-apple-darwin/lib/rustlib/thumbv6m-none-eabi/lib/liballoc-b56e9b7415d361c8.rlib(alloc-b56e9b7415d361c8.alloc.2eb5396b-cgu.0.rcgu.o):(.debug_line)
   26162    26162    22c72     1         /Users/mike/.rustup/toolchains/nightly-aarch64-apple-darwin/lib/rustlib/thumbv6m-none-eabi/lib/libcore-afe3b1261452b8cb.rlib(core-afe3b1261452b8cb.core.25f42cb7-cgu.0.rcgu.o):(.debug_line)
   48dd4    48dd4       fe     1         /Users/mike/.rustup/toolchains/nightly-aarch64-apple-darwin/lib/rustlib/thumbv6m-none-eabi/lib/libcompiler_builtins-e60722a2cb88b01e.rlib(compiler_builtins-e60722a2cb88b01e.compiler_builtins.e6d7ed33-cgu.104.rcgu.o):(.debug_line)
   48ed2    48ed2      15a     1         /Users/mike/.rustup/toolchains/nightly-aarch64-apple-darwin/lib/rustlib/thumbv6m-none-eabi/lib/libcompiler_builtins-e60722a2cb88b01e.rlib(compiler_builtins-e60722a2cb88b01e.compiler_builtins.e6d7ed33-cgu.106.rcgu.o):(.debug_line)
   4902c    4902c      129     1         /Users/mike/.rustup/toolchains/nightly-aarch64-apple-darwin/lib/rustlib/thumbv6m-none-eabi/lib/libcompiler_builtins-e60722a2cb88b01e.rlib(compiler_builtins-e60722a2cb88b01e.compiler_builtins.e6d7ed33-cgu.109.rcgu.o):(.debug_line)
   49155    49155       46     1         /Users/mike/.rustup/toolchains/nightly-aarch64-apple-darwin/lib/rustlib/thumbv6m-none-eabi/lib/libcompiler_builtins-e60722a2cb88b01e.rlib(compiler_builtins-e60722a2cb88b01e.compiler_builtins.e6d7ed33-cgu.115.rcgu.o):(.debug_line)
   4919b    4919b       e3     1         /Users/mike/.rustup/toolchains/nightly-aarch64-apple-darwin/lib/rustlib/thumbv6m-none-eabi/lib/libcompiler_builtins-e60722a2cb88b01e.rlib(compiler_builtins-e60722a2cb88b01e.compiler_builtins.e6d7ed33-cgu.117.rcgu.o):(.debug_line)
   4927e    4927e       46     1         /Users/mike/.rustup/toolchains/nightly-aarch64-apple-darwin/lib/rustlib/thumbv6m-none-eabi/lib/libcompiler_builtins-e60722a2cb88b01e.rlib(compiler_builtins-e60722a2cb88b01e.compiler_builtins.e6d7ed33-cgu.120.rcgu.o):(.debug_line)
   492c4    492c4      12f     1         /Users/mike/.rustup/toolchains/nightly-aarch64-apple-darwin/lib/rustlib/thumbv6m-none-eabi/lib/libcompiler_builtins-e60722a2cb88b01e.rlib(compiler_builtins-e60722a2cb88b01e.compiler_builtins.e6d7ed33-cgu.126.rcgu.o):(.debug_line)
   493f3    493f3       46     1         /Users/mike/.rustup/toolchains/nightly-aarch64-apple-darwin/lib/rustlib/thumbv6m-none-eabi/lib/libcompiler_builtins-e60722a2cb88b01e.rlib(compiler_builtins-e60722a2cb88b01e.compiler_builtins.e6d7ed33-cgu.131.rcgu.o):(.debug_line)
   49439    49439       52     1         /Users/mike/.rustup/toolchains/nightly-aarch64-apple-darwin/lib/rustlib/thumbv6m-none-eabi/lib/libcompiler_builtins-e60722a2cb88b01e.rlib(compiler_builtins-e60722a2cb88b01e.compiler_builtins.e6d7ed33-cgu.134.rcgu.o):(.debug_line)
   4948b    4948b       46     1         /Users/mike/.rustup/toolchains/nightly-aarch64-apple-darwin/lib/rustlib/thumbv6m-none-eabi/lib/libcompiler_builtins-e60722a2cb88b01e.rlib(compiler_builtins-e60722a2cb88b01e.compiler_builtins.e6d7ed33-cgu.137.rcgu.o):(.debug_line)
   494d1    494d1       63     1         /Users/mike/.rustup/toolchains/nightly-aarch64-apple-darwin/lib/rustlib/thumbv6m-none-eabi/lib/libcompiler_builtins-e60722a2cb88b01e.rlib(compiler_builtins-e60722a2cb88b01e.compiler_builtins.e6d7ed33-cgu.14.rcgu.o):(.debug_line)
   49534    49534      167     1         /Users/mike/.rustup/toolchains/nightly-aarch64-apple-darwin/lib/rustlib/thumbv6m-none-eabi/lib/libcompiler_builtins-e60722a2cb88b01e.rlib(compiler_builtins-e60722a2cb88b01e.compiler_builtins.e6d7ed33-cgu.144.rcgu.o):(.debug_line)
   4969b    4969b       46     1         /Users/mike/.rustup/toolchains/nightly-aarch64-apple-darwin/lib/rustlib/thumbv6m-none-eabi/lib/libcompiler_builtins-e60722a2cb88b01e.rlib(compiler_builtins-e60722a2cb88b01e.compiler_builtins.e6d7ed33-cgu.152.rcgu.o):(.debug_line)
   496e1    496e1       46     1         /Users/mike/.rustup/toolchains/nightly-aarch64-apple-darwin/lib/rustlib/thumbv6m-none-eabi/lib/libcompiler_builtins-e60722a2cb88b01e.rlib(compiler_builtins-e60722a2cb88b01e.compiler_builtins.e6d7ed33-cgu.155.rcgu.o):(.debug_line)
   49727    49727      195     1         /Users/mike/.rustup/toolchains/nightly-aarch64-apple-darwin/lib/rustlib/thumbv6m-none-eabi/lib/libcompiler_builtins-e60722a2cb88b01e.rlib(compiler_builtins-e60722a2cb88b01e.compiler_builtins.e6d7ed33-cgu.165.rcgu.o):(.debug_line)
   498bc    498bc       f2     1         /Users/mike/.rustup/toolchains/nightly-aarch64-apple-darwin/lib/rustlib/thumbv6m-none-eabi/lib/libcompiler_builtins-e60722a2cb88b01e.rlib(compiler_builtins-e60722a2cb88b01e.compiler_builtins.e6d7ed33-cgu.171.rcgu.o):(.debug_line)
   499ae    499ae      79c     1         /Users/mike/.rustup/toolchains/nightly-aarch64-apple-darwin/lib/rustlib/thumbv6m-none-eabi/lib/libcompiler_builtins-e60722a2cb88b01e.rlib(compiler_builtins-e60722a2cb88b01e.compiler_builtins.e6d7ed33-cgu.175.rcgu.o):(.debug_line)
   4a14a    4a14a      14d     1         /Users/mike/.rustup/toolchains/nightly-aarch64-apple-darwin/lib/rustlib/thumbv6m-none-eabi/lib/libcompiler_builtins-e60722a2cb88b01e.rlib(compiler_builtins-e60722a2cb88b01e.compiler_builtins.e6d7ed33-cgu.180.rcgu.o):(.debug_line)
   4a297    4a297       64     1         /Users/mike/.rustup/toolchains/nightly-aarch64-apple-darwin/lib/rustlib/thumbv6m-none-eabi/lib/libcompiler_builtins-e60722a2cb88b01e.rlib(compiler_builtins-e60722a2cb88b01e.compiler_builtins.e6d7ed33-cgu.182.rcgu.o):(.debug_line)
   4a2fb    4a2fb       52     1         /Users/mike/.rustup/toolchains/nightly-aarch64-apple-darwin/lib/rustlib/thumbv6m-none-eabi/lib/libcompiler_builtins-e60722a2cb88b01e.rlib(compiler_builtins-e60722a2cb88b01e.compiler_builtins.e6d7ed33-cgu.183.rcgu.o):(.debug_line)
   4a34d    4a34d      f35     1         /Users/mike/.rustup/toolchains/nightly-aarch64-apple-darwin/lib/rustlib/thumbv6m-none-eabi/lib/libcompiler_builtins-e60722a2cb88b01e.rlib(compiler_builtins-e60722a2cb88b01e.compiler_builtins.e6d7ed33-cgu.185.rcgu.o):(.debug_line)
   4b282    4b282       85     1         /Users/mike/.rustup/toolchains/nightly-aarch64-apple-darwin/lib/rustlib/thumbv6m-none-eabi/lib/libcompiler_builtins-e60722a2cb88b01e.rlib(compiler_builtins-e60722a2cb88b01e.compiler_builtins.e6d7ed33-cgu.199.rcgu.o):(.debug_line)
   4b307    4b307       46     1         /Users/mike/.rustup/toolchains/nightly-aarch64-apple-darwin/lib/rustlib/thumbv6m-none-eabi/lib/libcompiler_builtins-e60722a2cb88b01e.rlib(compiler_builtins-e60722a2cb88b01e.compiler_builtins.e6d7ed33-cgu.2.rcgu.o):(.debug_line)
   4b34d    4b34d       46     1         /Users/mike/.rustup/toolchains/nightly-aarch64-apple-darwin/lib/rustlib/thumbv6m-none-eabi/lib/libcompiler_builtins-e60722a2cb88b01e.rlib(compiler_builtins-e60722a2cb88b01e.compiler_builtins.e6d7ed33-cgu.20.rcgu.o):(.debug_line)
   4b393    4b393       46     1         /Users/mike/.rustup/toolchains/nightly-aarch64-apple-darwin/lib/rustlib/thumbv6m-none-eabi/lib/libcompiler_builtins-e60722a2cb88b01e.rlib(compiler_builtins-e60722a2cb88b01e.compiler_builtins.e6d7ed33-cgu.202.rcgu.o):(.debug_line)
   4b3d9    4b3d9       46     1         /Users/mike/.rustup/toolchains/nightly-aarch64-apple-darwin/lib/rustlib/thumbv6m-none-eabi/lib/libcompiler_builtins-e60722a2cb88b01e.rlib(compiler_builtins-e60722a2cb88b01e.compiler_builtins.e6d7ed33-cgu.215.rcgu.o):(.debug_line)
   4b41f    4b41f      ae0     1         /Users/mike/.rustup/toolchains/nightly-aarch64-apple-darwin/lib/rustlib/thumbv6m-none-eabi/lib/libcompiler_builtins-e60722a2cb88b01e.rlib(compiler_builtins-e60722a2cb88b01e.compiler_builtins.e6d7ed33-cgu.217.rcgu.o):(.debug_line)
   4beff    4beff      144     1         /Users/mike/.rustup/toolchains/nightly-aarch64-apple-darwin/lib/rustlib/thumbv6m-none-eabi/lib/libcompiler_builtins-e60722a2cb88b01e.rlib(compiler_builtins-e60722a2cb88b01e.compiler_builtins.e6d7ed33-cgu.47.rcgu.o):(.debug_line)
   4c043    4c043       46     1         /Users/mike/.rustup/toolchains/nightly-aarch64-apple-darwin/lib/rustlib/thumbv6m-none-eabi/lib/libcompiler_builtins-e60722a2cb88b01e.rlib(compiler_builtins-e60722a2cb88b01e.compiler_builtins.e6d7ed33-cgu.49.rcgu.o):(.debug_line)
   4c089    4c089       46     1         /Users/mike/.rustup/toolchains/nightly-aarch64-apple-darwin/lib/rustlib/thumbv6m-none-eabi/lib/libcompiler_builtins-e60722a2cb88b01e.rlib(compiler_builtins-e60722a2cb88b01e.compiler_builtins.e6d7ed33-cgu.65.rcgu.o):(.debug_line)
   4c0cf    4c0cf      6f6     1         /Users/mike/.rustup/toolchains/nightly-aarch64-apple-darwin/lib/rustlib/thumbv6m-none-eabi/lib/libcompiler_builtins-e60722a2cb88b01e.rlib(compiler_builtins-e60722a2cb88b01e.compiler_builtins.e6d7ed33-cgu.40.rcgu.o):(.debug_line)
   4c7c5    4c7c5       46     1         /Users/mike/.rustup/toolchains/nightly-aarch64-apple-darwin/lib/rustlib/thumbv6m-none-eabi/lib/libcompiler_builtins-e60722a2cb88b01e.rlib(compiler_builtins-e60722a2cb88b01e.compiler_builtins.e6d7ed33-cgu.164.rcgu.o):(.debug_line)
   4c80b    4c80b       64     1         /Users/mike/.rustup/toolchains/nightly-aarch64-apple-darwin/lib/rustlib/thumbv6m-none-eabi/lib/libcompiler_builtins-e60722a2cb88b01e.rlib(compiler_builtins-e60722a2cb88b01e.compiler_builtins.e6d7ed33-cgu.7.rcgu.o):(.debug_line)
   4c86f    4c86f       69     1         /Users/mike/.rustup/toolchains/nightly-aarch64-apple-darwin/lib/rustlib/thumbv6m-none-eabi/lib/libcompiler_builtins-e60722a2cb88b01e.rlib(compiler_builtins-e60722a2cb88b01e.compiler_builtins.e6d7ed33-cgu.77.rcgu.o):(.debug_line)
   4c8d8    4c8d8       e9     1         /Users/mike/.rustup/toolchains/nightly-aarch64-apple-darwin/lib/rustlib/thumbv6m-none-eabi/lib/libcompiler_builtins-e60722a2cb88b01e.rlib(compiler_builtins-e60722a2cb88b01e.compiler_builtins.e6d7ed33-cgu.86.rcgu.o):(.debug_line)
   4c9c1    4c9c1       46     1         /Users/mike/.rustup/toolchains/nightly-aarch64-apple-darwin/lib/rustlib/thumbv6m-none-eabi/lib/libcompiler_builtins-e60722a2cb88b01e.rlib(compiler_builtins-e60722a2cb88b01e.compiler_builtins.e6d7ed33-cgu.87.rcgu.o):(.debug_line)
   4ca07    4ca07      167     1         /Users/mike/.rustup/toolchains/nightly-aarch64-apple-darwin/lib/rustlib/thumbv6m-none-eabi/lib/libcompiler_builtins-e60722a2cb88b01e.rlib(compiler_builtins-e60722a2cb88b01e.compiler_builtins.e6d7ed33-cgu.94.rcgu.o):(.debug_line)
   4cb6e    4cb6e       fb     1         /Users/mike/.rustup/toolchains/nightly-aarch64-apple-darwin/lib/rustlib/thumbv6m-none-eabi/lib/libcompiler_builtins-e60722a2cb88b01e.rlib(compiler_builtins-e60722a2cb88b01e.compiler_builtins.e6d7ed33-cgu.97.rcgu.o):(.debug_line)
   4cc69    4cc69       69     1         /Users/mike/.rustup/toolchains/nightly-aarch64-apple-darwin/lib/rustlib/thumbv6m-none-eabi/lib/libcompiler_builtins-e60722a2cb88b01e.rlib(compiler_builtins-e60722a2cb88b01e.compiler_builtins.e6d7ed33-cgu.98.rcgu.o):(.debug_line)
   4ccd2    4ccd2      2b8     1         /Users/mike/.rustup/toolchains/nightly-aarch64-apple-darwin/lib/rustlib/thumbv6m-none-eabi/lib/libcompiler_builtins-e60722a2cb88b01e.rlib(compiler_builtins-e60722a2cb88b01e.compiler_builtins.e6d7ed33-cgu.99.rcgu.o):(.debug_line)
   4cf8a    4cf8a      184     1         /Users/mike/.rustup/toolchains/nightly-aarch64-apple-darwin/lib/rustlib/thumbv6m-none-eabi/lib/libcompiler_builtins-e60722a2cb88b01e.rlib(clzsi2.o):(.debug_line)
       0        0       6d     1 .comment
       0        0       6d     1         <internal>:(.comment)
       0        0     3fd0     4 .symtab
       0        0     3fd0     4         <internal>:(.symtab)
       0        0      104     1 .shstrtab
       0        0      104     1         <internal>:(.shstrtab)
       0        0     8d02     1 .strtab
       0        0     8d02     1         <internal>:(.strtab)
